<html>
<body>
<pre>
<h1>µVision Build Log</h1>
<h2>Tool Versions:</h2>
IDE-Version: µVision V5.23.0.0
Copyright (C) 2017 ARM Ltd and ARM Germany GmbH. All rights reserved.
License Information: Amir a, a, LIC=QF82M-XZ4TP-X7NRZ-J1NBP-Z9PM1-TJGPR
 
Tool Versions:
Toolchain:       MDK-ARM Plus  Version: 5.23
Toolchain Path:  C:\Keil_v5\ARM\ARMCC\Bin
C Compiler:      Armcc.exe V5.06 update 4 (build 422)
Assembler:       Armasm.exe V5.06 update 4 (build 422)
Linker/Locator:  ArmLink.exe V5.06 update 4 (build 422)
Library Manager: ArmAr.exe V5.06 update 4 (build 422)
Hex Converter:   FromElf.exe V5.06 update 4 (build 422)
CPU DLL:         SARMCM3.DLL V5.23
Dialog DLL:      DCM.DLL V1.15.0.0
Target DLL:      STLink\ST-LINKIII-KEIL_SWO.dll V2.0.18.0
Dialog DLL:      TCM.DLL V1.27.0.0
 
<h2>Project:</h2>
D:\Code\SD_Card\SD_FATFS\MDK-ARM\SD_FATFS.uvprojx
Project File Date:  11/22/2022

<h2>Output:</h2>
*** Using Compiler 'V5.06 update 4 (build 422)', folder: 'C:\Keil_v5\ARM\ARMCC\Bin'
Build target 'SD_FATFS'
compiling main.c...
../Core/Src/main.c(118): warning:  #177-D: variable "res"  was declared but never referenced
  	FRESULT res; //§â§Ö§Ù§å§Ý§î§ä§Ñ§ä §Ó§í§á§à§Ý§ß§Ö§ß§Ú§ñ
../Core/Src/main.c(119): warning:  #177-D: variable "wtext"  was declared but never referenced
  	uint8_t wtext[]="Hello from STM32!!!";
../Core/Src/main.c: 2 warnings, 0 errors
linking...
Program Size: Code=15250 RO-data=1822 RW-data=72 ZI-data=11352  
FromELF: creating hex file...
"SD_FATFS\SD_FATFS.axf" - 0 Error(s), 2 Warning(s).

<h2>Software Packages used:</h2>

Package Vendor: ARM
                http://www.keil.com/pack/ARM.CMSIS.5.9.0.pack
                ARM::CMSIS:CORE:5.6.0
                CMSIS (Common Microcontroller Software Interface Standard)
   * Component: CORE Version: 5.6.0

<h2>Collection of Component include folders:</h2>
  .\RTE\_SD_FATFS
  C:\Keil_v5\ARM\PACK\ARM\CMSIS\5.9.0\CMSIS\Core\Include
  C:\Keil_v5\ARM\PACK\Keil\STM32F1xx_DFP\2.1.0\Device\Include

<h2>Collection of Component Files used:</h2>

   * Component: ARM::CMSIS:CORE:5.6.0
Build Time Elapsed:  00:00:01
</pre>
</body>
</html>
