Component: ARM Compiler 5.06 update 4 (build 422) Tool: armlink [4d35d2]

==============================================================================

Section Cross References

    startup_stm32f103xe.o(STACK) refers (Special) to heapauxi.o(.text) for __use_two_region_memory
    startup_stm32f103xe.o(HEAP) refers (Special) to heapauxi.o(.text) for __use_two_region_memory
    startup_stm32f103xe.o(RESET) refers (Special) to heapauxi.o(.text) for __use_two_region_memory
    startup_stm32f103xe.o(RESET) refers to startup_stm32f103xe.o(STACK) for __initial_sp
    startup_stm32f103xe.o(RESET) refers to startup_stm32f103xe.o(.text) for Reset_Handler
    startup_stm32f103xe.o(RESET) refers to stm32f1xx_it.o(i.NMI_Handler) for NMI_Handler
    startup_stm32f103xe.o(RESET) refers to stm32f1xx_it.o(i.HardFault_Handler) for HardFault_Handler
    startup_stm32f103xe.o(RESET) refers to stm32f1xx_it.o(i.MemManage_Handler) for MemManage_Handler
    startup_stm32f103xe.o(RESET) refers to stm32f1xx_it.o(i.BusFault_Handler) for BusFault_Handler
    startup_stm32f103xe.o(RESET) refers to stm32f1xx_it.o(i.UsageFault_Handler) for UsageFault_Handler
    startup_stm32f103xe.o(RESET) refers to stm32f1xx_it.o(i.SVC_Handler) for SVC_Handler
    startup_stm32f103xe.o(RESET) refers to stm32f1xx_it.o(i.DebugMon_Handler) for DebugMon_Handler
    startup_stm32f103xe.o(RESET) refers to stm32f1xx_it.o(i.PendSV_Handler) for PendSV_Handler
    startup_stm32f103xe.o(RESET) refers to stm32f1xx_it.o(i.SysTick_Handler) for SysTick_Handler
    startup_stm32f103xe.o(RESET) refers to stm32f1xx_it.o(i.EXTI2_IRQHandler) for EXTI2_IRQHandler
    startup_stm32f103xe.o(RESET) refers to stm32f1xx_it.o(i.TIM2_IRQHandler) for TIM2_IRQHandler
    startup_stm32f103xe.o(RESET) refers to stm32f1xx_it.o(i.USART1_IRQHandler) for USART1_IRQHandler
    startup_stm32f103xe.o(.text) refers (Special) to heapauxi.o(.text) for __use_two_region_memory
    startup_stm32f103xe.o(.text) refers to system_stm32f1xx.o(i.SystemInit) for SystemInit
    startup_stm32f103xe.o(.text) refers to __main.o(!!!main) for __main
    startup_stm32f103xe.o(.text) refers to startup_stm32f103xe.o(HEAP) for Heap_Mem
    startup_stm32f103xe.o(.text) refers to startup_stm32f103xe.o(STACK) for Stack_Mem
    sd.o(i.SD_PowerOn) refers to main.o(.data) for Timer1
    sd.o(i.SD_Read_Block) refers to sd.o(i.SD_cmd) for SD_cmd
    sd.o(i.SD_Read_Block) refers to sd.o(i.SPIx_WriteRead) for SPIx_WriteRead
    sd.o(i.SD_Read_Block) refers to sd.o(i.SPI_ReceiveByte) for SPI_ReceiveByte
    sd.o(i.SD_Write_Block) refers to sd.o(i.SD_cmd) for SD_cmd
    sd.o(i.SD_Write_Block) refers to sd.o(i.SPIx_WriteRead) for SPIx_WriteRead
    sd.o(i.SD_Write_Block) refers to sd.o(i.SPI_ReceiveByte) for SPI_ReceiveByte
    sd.o(i.SD_cmd) refers to stm32f1xx_hal_gpio.o(i.HAL_GPIO_WritePin) for HAL_GPIO_WritePin
    sd.o(i.SD_cmd) refers to sd.o(i.SPIx_WriteRead) for SPIx_WriteRead
    sd.o(i.SD_cmd) refers to sd.o(i.SPI_ReceiveByte) for SPI_ReceiveByte
    sd.o(i.SPI_ReceiveByte) refers to sd.o(i.SPIx_WriteRead) for SPIx_WriteRead
    sd.o(i.SPI_Release) refers to sd.o(i.SPIx_WriteRead) for SPIx_WriteRead
    sd.o(i.SPI_SendByte) refers to sd.o(i.SPIx_WriteRead) for SPIx_WriteRead
    sd.o(i.SPI_wait_ready) refers to sd.o(i.SPI_ReceiveByte) for SPI_ReceiveByte
    sd.o(i.SPIx_WriteRead) refers to stm32f1xx_hal_spi.o(i.HAL_SPI_TransmitReceive) for HAL_SPI_TransmitReceive
    sd.o(i.SPIx_WriteRead) refers to stm32f1xx_hal_gpio.o(i.HAL_GPIO_WritePin) for HAL_GPIO_WritePin
    sd.o(i.SPIx_WriteRead) refers to main.o(.bss) for hspi2
    sd.o(i.sd_ini) refers to _printf_pad.o(.text) for _printf_pre_padding
    sd.o(i.sd_ini) refers to _printf_percent.o(.ARM.Collect$$_printf_percent$$00000000) for _printf_percent
    sd.o(i.sd_ini) refers to _printf_x.o(.ARM.Collect$$_printf_percent$$0000000C) for _printf_x
    sd.o(i.sd_ini) refers to _printf_hex_int.o(.text) for _printf_longlong_hex
    sd.o(i.sd_ini) refers to stm32f1xx_hal_gpio.o(i.HAL_GPIO_WritePin) for HAL_GPIO_WritePin
    sd.o(i.sd_ini) refers to stm32f1xx_hal_spi.o(i.HAL_SPI_Init) for HAL_SPI_Init
    sd.o(i.sd_ini) refers to sd.o(i.SPIx_WriteRead) for SPIx_WriteRead
    sd.o(i.sd_ini) refers to sd.o(i.SD_cmd) for SD_cmd
    sd.o(i.sd_ini) refers to sd.o(i.SPI_ReceiveByte) for SPI_ReceiveByte
    sd.o(i.sd_ini) refers to noretval__2sprintf.o(.text) for __2sprintf
    sd.o(i.sd_ini) refers to strlen.o(.text) for strlen
    sd.o(i.sd_ini) refers to stm32f1xx_hal_uart.o(i.HAL_UART_Transmit) for HAL_UART_Transmit
    sd.o(i.sd_ini) refers to sd.o(.data) for .data
    sd.o(i.sd_ini) refers to main.o(.bss) for hspi2
    sd.o(i.sd_ini) refers to sd.o(.bss) for .bss
    main.o(i.HAL_TIM_PeriodElapsedCallback) refers to main.o(.bss) for .bss
    main.o(i.HAL_TIM_PeriodElapsedCallback) refers to main.o(.data) for .data
    main.o(i.MX_GPIO_Init) refers to stm32f1xx_hal_gpio.o(i.HAL_GPIO_WritePin) for HAL_GPIO_WritePin
[...]
    ..\Drivers\STM32F1xx_HAL_Driver\Src\stm32f1xx_hal.c 0x00000000   Number         0  stm32f1xx_hal.o ABSOLUTE
    ..\Drivers\STM32F1xx_HAL_Driver\Src\stm32f1xx_hal_cortex.c 0x00000000   Number         0  stm32f1xx_hal_cortex.o ABSOLUTE
    ..\Drivers\STM32F1xx_HAL_Driver\Src\stm32f1xx_hal_dma.c 0x00000000   Number         0  stm32f1xx_hal_dma.o ABSOLUTE
    ..\Drivers\STM32F1xx_HAL_Driver\Src\stm32f1xx_hal_exti.c 0x00000000   Number         0  stm32f1xx_hal_exti.o ABSOLUTE
    ..\Drivers\STM32F1xx_HAL_Driver\Src\stm32f1xx_hal_flash.c 0x00000000   Number         0  stm32f1xx_hal_flash.o ABSOLUTE
    ..\Drivers\STM32F1xx_HAL_Driver\Src\stm32f1xx_hal_flash_ex.c 0x00000000   Number         0  stm32f1xx_hal_flash_ex.o ABSOLUTE
    ..\Drivers\STM32F1xx_HAL_Driver\Src\stm32f1xx_hal_gpio.c 0x00000000   Number         0  stm32f1xx_hal_gpio.o ABSOLUTE
    ..\Drivers\STM32F1xx_HAL_Driver\Src\stm32f1xx_hal_gpio_ex.c 0x00000000   Number         0  stm32f1xx_hal_gpio_ex.o ABSOLUTE
    ..\Drivers\STM32F1xx_HAL_Driver\Src\stm32f1xx_hal_pwr.c 0x00000000   Number         0  stm32f1xx_hal_pwr.o ABSOLUTE
    ..\Drivers\STM32F1xx_HAL_Driver\Src\stm32f1xx_hal_rcc.c 0x00000000   Number         0  stm32f1xx_hal_rcc.o ABSOLUTE
    ..\Drivers\STM32F1xx_HAL_Driver\Src\stm32f1xx_hal_rcc_ex.c 0x00000000   Number         0  stm32f1xx_hal_rcc_ex.o ABSOLUTE
    ..\Drivers\STM32F1xx_HAL_Driver\Src\stm32f1xx_hal_spi.c 0x00000000   Number         0  stm32f1xx_hal_spi.o ABSOLUTE
    ..\Drivers\STM32F1xx_HAL_Driver\Src\stm32f1xx_hal_tim.c 0x00000000   Number         0  stm32f1xx_hal_tim.o ABSOLUTE
    ..\Drivers\STM32F1xx_HAL_Driver\Src\stm32f1xx_hal_tim_ex.c 0x00000000   Number         0  stm32f1xx_hal_tim_ex.o ABSOLUTE
    ..\Drivers\STM32F1xx_HAL_Driver\Src\stm32f1xx_hal_uart.c 0x00000000   Number         0  stm32f1xx_hal_uart.o ABSOLUTE
    ..\FATFS\App\fatfs.c                     0x00000000   Number         0  fatfs.o ABSOLUTE
    ..\FATFS\Target\user_diskio.c            0x00000000   Number         0  user_diskio_1.o ABSOLUTE
    ..\Middlewares\Third_Party\FatFs\src\diskio.c 0x00000000   Number         0  diskio.o ABSOLUTE
    ..\Middlewares\Third_Party\FatFs\src\ff.c 0x00000000   Number         0  ff.o ABSOLUTE
    ..\Middlewares\Third_Party\FatFs\src\ff_gen_drv.c 0x00000000   Number         0  ff_gen_drv.o ABSOLUTE
    ..\Middlewares\Third_Party\FatFs\src\option\ccsbcs.c 0x00000000   Number         0  ccsbcs_1.o ABSOLUTE
    ..\Middlewares\Third_Party\FatFs\src\option\syscall.c 0x00000000   Number         0  syscall.o ABSOLUTE
    ..\\Core\\Src\\sd.c                      0x00000000   Number         0  sd.o ABSOLUTE
    dc.s                                     0x00000000   Number         0  dc.o ABSOLUTE
    startup_stm32f103xe.s                    0x00000000   Number         0  startup_stm32f103xe.o ABSOLUTE
    RESET                                    0x08000000   Section      304  startup_stm32f103xe.o(RESET)
    !!!main                                  0x08000130   Section        8  __main.o(!!!main)
    !!!scatter                               0x08000138   Section       52  __scatter.o(!!!scatter)
    !!handler_copy                           0x0800016c   Section       26  __scatter_copy.o(!!handler_copy)
    !!handler_zi                             0x08000188   Section       28  __scatter_zi.o(!!handler_zi)
    .ARM.Collect$$_printf_percent$$00000000  0x080001a4   Section        0  _printf_percent.o(.ARM.Collect$$_printf_percent$$00000000)
    .ARM.Collect$$_printf_percent$$00000009  0x080001a4   Section        6  _printf_d.o(.ARM.Collect$$_printf_percent$$00000009)
    .ARM.Collect$$_printf_percent$$0000000A  0x080001aa   Section        6  _printf_u.o(.ARM.Collect$$_printf_percent$$0000000A)
    .ARM.Collect$$_printf_percent$$0000000C  0x080001b0   Section        6  _printf_x.o(.ARM.Collect$$_printf_percent$$0000000C)
    .ARM.Collect$$_printf_percent$$00000017  0x080001b6   Section        4  _printf_percent_end.o(.ARM.Collect$$_printf_percent$$00000017)
    .ARM.Collect$$libinit$$00000000          0x080001ba   Section        2  libinit.o(.ARM.Collect$$libinit$$00000000)
    .ARM.Collect$$libinit$$00000002          0x080001bc   Section        0  libinit2.o(.ARM.Collect$$libinit$$00000002)
    .ARM.Collect$$libinit$$00000004          0x080001bc   Section        0  libinit2.o(.ARM.Collect$$libinit$$00000004)
    .ARM.Collect$$libinit$$0000000A          0x080001bc   Section        0  libinit2.o(.ARM.Collect$$libinit$$0000000A)
    .ARM.Collect$$libinit$$0000000C          0x080001bc   Section        0  libinit2.o(.ARM.Collect$$libinit$$0000000C)
    .ARM.Collect$$libinit$$0000000E          0x080001bc   Section        0  libinit2.o(.ARM.Collect$$libinit$$0000000E)
    .ARM.Collect$$libinit$$00000011          0x080001bc   Section        0  libinit2.o(.ARM.Collect$$libinit$$00000011)
    .ARM.Collect$$libinit$$00000013          0x080001bc   Section        0  libinit2.o(.ARM.Collect$$libinit$$00000013)
    .ARM.Collect$$libinit$$00000015          0x080001bc   Section        0  libinit2.o(.ARM.Collect$$libinit$$00000015)
    .ARM.Collect$$libinit$$00000017          0x080001bc   Section        0  libinit2.o(.ARM.Collect$$libinit$$00000017)
    .ARM.Collect$$libinit$$00000019          0x080001bc   Section        0  libinit2.o(.ARM.Collect$$libinit$$00000019)
    .ARM.Collect$$libinit$$0000001B          0x080001bc   Section        0  libinit2.o(.ARM.Collect$$libinit$$0000001B)
    .ARM.Collect$$libinit$$0000001D          0x080001bc   Section        0  libinit2.o(.ARM.Collect$$libinit$$0000001D)
    .ARM.Collect$$libinit$$0000001F          0x080001bc   Section        0  libinit2.o(.ARM.Collect$$libinit$$0000001F)
    .ARM.Collect$$libinit$$00000021          0x080001bc   Section        0  libinit2.o(.ARM.Collect$$libinit$$00000021)
    .ARM.Collect$$libinit$$00000023          0x080001bc   Section        0  libinit2.o(.ARM.Collect$$libinit$$00000023)
    .ARM.Collect$$libinit$$00000025          0x080001bc   Section        0  libinit2.o(.ARM.Collect$$libinit$$00000025)
    .ARM.Collect$$libinit$$0000002C          0x080001bc   Section        0  libinit2.o(.ARM.Collect$$libinit$$0000002C)
    .ARM.Collect$$libinit$$0000002E          0x080001bc   Section        0  libinit2.o(.ARM.Collect$$libinit$$0000002E)
    .ARM.Collect$$libinit$$00000030          0x080001bc   Section        0  libinit2.o(.ARM.Collect$$libinit$$00000030)
    .ARM.Collect$$libinit$$00000032          0x080001bc   Section        0  libinit2.o(.ARM.Collect$$libinit$$00000032)
    .ARM.Collect$$libinit$$00000033          0x080001bc   Section        2  libinit2.o(.ARM.Collect$$libinit$$00000033)
    .ARM.Collect$$libshutdown$$00000000      0x080001be   Section        2  libshutdown.o(.ARM.Collect$$libshutdown$$00000000)
    .ARM.Collect$$libshutdown$$00000002      0x080001c0   Section        0  libshutdown2.o(.ARM.Collect$$libshutdown$$00000002)
    .ARM.Collect$$libshutdown$$00000004      0x080001c0   Section        0  libshutdown2.o(.ARM.Collect$$libshutdown$$00000004)
    .ARM.Collect$$libshutdown$$00000007      0x080001c0   Section        0  libshutdown2.o(.ARM.Collect$$libshutdown$$00000007)
    .ARM.Collect$$libshutdown$$0000000A      0x080001c0   Section        0  libshutdown2.o(.ARM.Collect$$libshutdown$$0000000A)
    .ARM.Collect$$libshutdown$$0000000C      0x080001c0   Section        0  libshutdown2.o(.ARM.Collect$$libshutdown$$0000000C)
    .ARM.Collect$$libshutdown$$0000000F      0x080001c0   Section        0  libshutdown2.o(.ARM.Collect$$libshutdown$$0000000F)
    .ARM.Collect$$libshutdown$$00000010      0x080001c0   Section        2  libshutdown2.o(.ARM.Collect$$libshutdown$$00000010)
    .ARM.Collect$$rtentry$$00000000          0x080001c2   Section        0  __rtentry.o(.ARM.Collect$$rtentry$$00000000)
    .ARM.Collect$$rtentry$$00000002          0x080001c2   Section        0  __rtentry2.o(.ARM.Collect$$rtentry$$00000002)
    .ARM.Collect$$rtentry$$00000004          0x080001c2   Section        6  __rtentry4.o(.ARM.Collect$$rtentry$$00000004)
    .ARM.Collect$$rtentry$$00000009          0x080001c8   Section        0  __rtentry2.o(.ARM.Collect$$rtentry$$00000009)
    .ARM.Collect$$rtentry$$0000000A          0x080001c8   Section        4  __rtentry2.o(.ARM.Collect$$rtentry$$0000000A)
    .ARM.Collect$$rtentry$$0000000C          0x080001cc   Section        0  __rtentry2.o(.ARM.Collect$$rtentry$$0000000C)
    .ARM.Collect$$rtentry$$0000000D          0x080001cc   Section        8  __rtentry2.o(.ARM.Collect$$rtentry$$0000000D)
    .ARM.Collect$$rtexit$$00000000           0x080001d4   Section        2  rtexit.o(.ARM.Collect$$rtexit$$00000000)
    .ARM.Collect$$rtexit$$00000002           0x080001d6   Section        0  rtexit2.o(.ARM.Collect$$rtexit$$00000002)
    .ARM.Collect$$rtexit$$00000003           0x080001d6   Section        4  rtexit2.o(.ARM.Collect$$rtexit$$00000003)
    .ARM.Collect$$rtexit$$00000004           0x080001da   Section        6  rtexit2.o(.ARM.Collect$$rtexit$$00000004)
    .text                                    0x080001e0   Section       64  startup_stm32f103xe.o(.text)
    .text                                    0x08000220   Section        0  noretval__2sprintf.o(.text)
    .text                                    0x08000248   Section        0  _printf_pad.o(.text)
    .text                                    0x08000298   Section        0  _printf_dec.o(.text)
    .text                                    0x08000310   Section        0  _printf_hex_int.o(.text)
    .text                                    0x08000368   Section        0  __printf_flags_ss_wp.o(.text)
    .text                                    0x080004f0   Section        0  strlen.o(.text)
    .text                                    0x0800052e   Section      100  rt_memcpy_w.o(.text)
    .text                                    0x08000592   Section       78  rt_memclr_w.o(.text)
    .text                                    0x080005e0   Section        0  heapauxi.o(.text)
    .text                                    0x080005e6   Section        0  _printf_intcommon.o(.text)
    .text                                    0x08000698   Section        0  _printf_char_common.o(.text)
    _printf_input_char                       0x08000699   Thumb Code    10  _printf_char_common.o(.text)
    .text                                    0x080006c8   Section        0  _sputc.o(.text)
    .text                                    0x080006d2   Section       74  sys_stackheap_outer.o(.text)
    .text                                    0x0800071c   Section        0  exit.o(.text)
    .text                                    0x08000730   Section        8  libspace.o(.text)
    .text                                    0x08000738   Section        0  sys_exit.o(.text)
    .text                                    0x08000744   Section        2  use_no_semi.o(.text)
    .text                                    0x08000746   Section        0  indicate_semi.o(.text)
    i.BusFault_Handler                       0x08000746   Section        0  stm32f1xx_it.o(i.BusFault_Handler)
    i.DebugMon_Handler                       0x08000748   Section        0  stm32f1xx_it.o(i.DebugMon_Handler)
    i.EXTI2_IRQHandler                       0x0800074a   Section        0  stm32f1xx_it.o(i.EXTI2_IRQHandler)
    i.FATFS_LinkDriver                       0x08000750   Section        0  ff_gen_drv.o(i.FATFS_LinkDriver)
    i.FATFS_LinkDriverEx                     0x08000758   Section        0  ff_gen_drv.o(i.FATFS_LinkDriverEx)
    i.FATFS_UnLinkDriver                     0x08000798   Section        0  ff_gen_drv.o(i.FATFS_UnLinkDriver)
    i.FATFS_UnLinkDriverEx                   0x080007a0   Section        0  ff_gen_drv.o(i.FATFS_UnLinkDriverEx)
    i.HAL_DMA_Abort                          0x080007d4   Section        0  stm32f1xx_hal_dma.o(i.HAL_DMA_Abort)
    i.HAL_DMA_Abort_IT                       0x0800081c   Section        0  stm32f1xx_hal_dma.o(i.HAL_DMA_Abort_IT)
    i.HAL_GPIO_EXTI_Callback                 0x0800094c   Section        0  stm32f1xx_hal_gpio.o(i.HAL_GPIO_EXTI_Callback)
    i.HAL_GPIO_EXTI_IRQHandler               0x08000950   Section        0  stm32f1xx_hal_gpio.o(i.HAL_GPIO_EXTI_IRQHandler)
    i.HAL_GPIO_Init                          0x08000968   Section        0  stm32f1xx_hal_gpio.o(i.HAL_GPIO_Init)
    i.HAL_GPIO_WritePin                      0x08000b60   Section        0  stm32f1xx_hal_gpio.o(i.HAL_GPIO_WritePin)
    i.HAL_GetTick                            0x08000b6c   Section        0  stm32f1xx_hal.o(i.HAL_GetTick)
    i.HAL_IncTick                            0x08000b78   Section        0  stm32f1xx_hal.o(i.HAL_IncTick)
    i.HAL_Init                               0x08000b88   Section        0  stm32f1xx_hal.o(i.HAL_Init)
    i.HAL_InitTick                           0x08000bac   Section        0  stm32f1xx_hal.o(i.HAL_InitTick)
    i.HAL_MspInit                            0x08000bec   Section        0  stm32f1xx_hal_msp.o(i.HAL_MspInit)
    i.HAL_NVIC_EnableIRQ                     0x08000c28   Section        0  stm32f1xx_hal_cortex.o(i.HAL_NVIC_EnableIRQ)
    i.HAL_NVIC_SetPriority                   0x08000c44   Section        0  stm32f1xx_hal_cortex.o(i.HAL_NVIC_SetPriority)
    i.HAL_NVIC_SetPriorityGrouping           0x08000c84   Section        0  stm32f1xx_hal_cortex.o(i.HAL_NVIC_SetPriorityGrouping)
    i.HAL_RCC_ClockConfig                    0x08000ca8   Section        0  stm32f1xx_hal_rcc.o(i.HAL_RCC_ClockConfig)
    i.HAL_RCC_GetPCLK1Freq                   0x08000dd4   Section        0  stm32f1xx_hal_rcc.o(i.HAL_RCC_GetPCLK1Freq)
    i.HAL_RCC_GetPCLK2Freq                   0x08000df4   Section        0  stm32f1xx_hal_rcc.o(i.HAL_RCC_GetPCLK2Freq)
    i.HAL_RCC_GetSysClockFreq                0x08000e14   Section        0  stm32f1xx_hal_rcc.o(i.HAL_RCC_GetSysClockFreq)
    i.HAL_RCC_OscConfig                      0x08000e80   Section        0  stm32f1xx_hal_rcc.o(i.HAL_RCC_OscConfig)
    i.HAL_SPI_Init                           0x080011a0   Section        0  stm32f1xx_hal_spi.o(i.HAL_SPI_Init)
    i.HAL_SPI_MspInit                        0x08001254   Section        0  stm32f1xx_hal_msp.o(i.HAL_SPI_MspInit)
    i.HAL_SPI_TransmitReceive                0x0800130c   Section        0  stm32f1xx_hal_spi.o(i.HAL_SPI_TransmitReceive)
    i.HAL_SYSTICK_Config                     0x080014ee   Section        0  stm32f1xx_hal_cortex.o(i.HAL_SYSTICK_Config)
    i.HAL_TIMEx_BreakCallback                0x08001516   Section        0  stm32f1xx_hal_tim_ex.o(i.HAL_TIMEx_BreakCallback)
    i.HAL_TIMEx_CommutCallback               0x08001518   Section        0  stm32f1xx_hal_tim_ex.o(i.HAL_TIMEx_CommutCallback)
    i.HAL_TIMEx_MasterConfigSynchronization  0x0800151c   Section        0  stm32f1xx_hal_tim_ex.o(i.HAL_TIMEx_MasterConfigSynchronization)
    i.HAL_TIM_Base_Init                      0x08001598   Section        0  stm32f1xx_hal_tim.o(i.HAL_TIM_Base_Init)
    i.HAL_TIM_Base_MspInit                   0x080015f4   Section        0  stm32f1xx_hal_msp.o(i.HAL_TIM_Base_MspInit)
    i.HAL_TIM_Base_Start_IT                  0x0800162c   Section        0  stm32f1xx_hal_tim.o(i.HAL_TIM_Base_Start_IT)
    i.HAL_TIM_ConfigClockSource              0x08001698   Section        0  stm32f1xx_hal_tim.o(i.HAL_TIM_ConfigClockSource)
    i.HAL_TIM_IC_CaptureCallback             0x0800176e   Section        0  stm32f1xx_hal_tim.o(i.HAL_TIM_IC_CaptureCallback)
    i.HAL_TIM_IRQHandler                     0x08001770   Section        0  stm32f1xx_hal_tim.o(i.HAL_TIM_IRQHandler)
    i.HAL_TIM_OC_DelayElapsedCallback        0x080018d6   Section        0  stm32f1xx_hal_tim.o(i.HAL_TIM_OC_DelayElapsedCallback)
    i.HAL_TIM_PWM_PulseFinishedCallback      0x080018d8   Section        0  stm32f1xx_hal_tim.o(i.HAL_TIM_PWM_PulseFinishedCallback)
    i.HAL_TIM_PeriodElapsedCallback          0x080018dc   Section        0  main.o(i.HAL_TIM_PeriodElapsedCallback)
    i.HAL_TIM_TriggerCallback                0x080018f4   Section        0  stm32f1xx_hal_tim.o(i.HAL_TIM_TriggerCallback)
    i.HAL_UARTEx_RxEventCallback             0x080018f6   Section        0  stm32f1xx_hal_uart.o(i.HAL_UARTEx_RxEventCallback)
    i.HAL_UART_ErrorCallback                 0x080018f8   Section        0  stm32f1xx_hal_uart.o(i.HAL_UART_ErrorCallback)
    i.HAL_UART_IRQHandler                    0x080018fc   Section        0  stm32f1xx_hal_uart.o(i.HAL_UART_IRQHandler)
    i.HAL_UART_Init                          0x08001b08   Section        0  stm32f1xx_hal_uart.o(i.HAL_UART_Init)
    i.HAL_UART_MspInit                       0x08001b6c   Section        0  stm32f1xx_hal_msp.o(i.HAL_UART_MspInit)
    i.HAL_UART_RxCpltCallback                0x08001bec   Section        0  stm32f1xx_hal_uart.o(i.HAL_UART_RxCpltCallback)
    i.HAL_UART_Transmit                      0x08001bf0   Section        0  stm32f1xx_hal_uart.o(i.HAL_UART_Transmit)
    i.HAL_UART_TxCpltCallback                0x08001ca2   Section        0  stm32f1xx_hal_uart.o(i.HAL_UART_TxCpltCallback)
    i.HardFault_Handler                      0x08001ca4   Section        0  stm32f1xx_it.o(i.HardFault_Handler)
    i.MX_FATFS_Init                          0x08001ca8   Section        0  fatfs.o(i.MX_FATFS_Init)
    i.MX_GPIO_Init                           0x08001cc4   Section        0  main.o(i.MX_GPIO_Init)
    MX_GPIO_Init                             0x08001cc5   Thumb Code   198  main.o(i.MX_GPIO_Init)
    i.MX_SPI1_Init                           0x08001da0   Section        0  main.o(i.MX_SPI1_Init)
    MX_SPI1_Init                             0x08001da1   Thumb Code    58  main.o(i.MX_SPI1_Init)
    i.MX_SPI2_Init                           0x08001de4   Section        0  main.o(i.MX_SPI2_Init)
    MX_SPI2_Init                             0x08001de5   Thumb Code    58  main.o(i.MX_SPI2_Init)
    i.MX_TIM2_Init                           0x08001e28   Section        0  main.o(i.MX_TIM2_Init)
    MX_TIM2_Init                             0x08001e29   Thumb Code    96  main.o(i.MX_TIM2_Init)
    i.MemManage_Handler                      0x08001e8c   Section        0  stm32f1xx_it.o(i.MemManage_Handler)
    i.NMI_Handler                            0x08001e8e   Section        0  stm32f1xx_it.o(i.NMI_Handler)
    i.PendSV_Handler                         0x08001e90   Section        0  stm32f1xx_it.o(i.PendSV_Handler)
    i.SD_PowerOn                             0x08001e94   Section        0  sd.o(i.SD_PowerOn)
    i.SD_Read_Block                          0x08001ea8   Section        0  sd.o(i.SD_Read_Block)
    i.SD_Write_Block                         0x08001efe   Section        0  sd.o(i.SD_Write_Block)
    i.SD_cmd                                 0x08001f64   Section        0  sd.o(i.SD_cmd)
    SD_cmd                                   0x08001f65   Thumb Code   144  sd.o(i.SD_cmd)
    i.SPI_EndRxTxTransaction                 0x08001ff8   Section        0  stm32f1xx_hal_spi.o(i.SPI_EndRxTxTransaction)
    SPI_EndRxTxTransaction                   0x08001ff9   Thumb Code    32  stm32f1xx_hal_spi.o(i.SPI_EndRxTxTransaction)
    i.SPI_ReceiveByte                        0x08002018   Section        0  sd.o(i.SPI_ReceiveByte)
    i.SPI_Release                            0x0800201e   Section        0  sd.o(i.SPI_Release)
    i.SPI_WaitFlagStateUntilTimeout          0x08002024   Section        0  stm32f1xx_hal_spi.o(i.SPI_WaitFlagStateUntilTimeout)
    SPI_WaitFlagStateUntilTimeout            0x08002025   Thumb Code   180  stm32f1xx_hal_spi.o(i.SPI_WaitFlagStateUntilTimeout)
    i.SPI_wait_ready                         0x080020dc   Section        0  sd.o(i.SPI_wait_ready)
    i.SPIx_WriteRead                         0x080020fc   Section        0  sd.o(i.SPIx_WriteRead)
    i.SVC_Handler                            0x08002134   Section        0  stm32f1xx_it.o(i.SVC_Handler)
    i.SysTick_Handler                        0x08002136   Section        0  stm32f1xx_it.o(i.SysTick_Handler)
    i.SystemClock_Config                     0x0800213a   Section        0  main.o(i.SystemClock_Config)
    i.SystemInit                             0x08002198   Section        0  system_stm32f1xx.o(i.SystemInit)
    i.TIM2_IRQHandler                        0x0800219c   Section        0  stm32f1xx_it.o(i.TIM2_IRQHandler)
    i.TIM_Base_SetConfig                     0x080021a8   Section        0  stm32f1xx_hal_tim.o(i.TIM_Base_SetConfig)
    i.TIM_ETR_SetConfig                      0x08002234   Section        0  stm32f1xx_hal_tim.o(i.TIM_ETR_SetConfig)
    i.TIM_ITRx_SetConfig                     0x08002248   Section        0  stm32f1xx_hal_tim.o(i.TIM_ITRx_SetConfig)
    TIM_ITRx_SetConfig                       0x08002249   Thumb Code    16  stm32f1xx_hal_tim.o(i.TIM_ITRx_SetConfig)
    i.TIM_TI1_ConfigInputStage               0x08002258   Section        0  stm32f1xx_hal_tim.o(i.TIM_TI1_ConfigInputStage)
    TIM_TI1_ConfigInputStage                 0x08002259   Thumb Code    34  stm32f1xx_hal_tim.o(i.TIM_TI1_ConfigInputStage)
    i.TIM_TI2_ConfigInputStage               0x0800227a   Section        0  stm32f1xx_hal_tim.o(i.TIM_TI2_ConfigInputStage)
    TIM_TI2_ConfigInputStage                 0x0800227b   Thumb Code    36  stm32f1xx_hal_tim.o(i.TIM_TI2_ConfigInputStage)
    i.UART_DMAAbortOnError                   0x0800229e   Section        0  stm32f1xx_hal_uart.o(i.UART_DMAAbortOnError)
    UART_DMAAbortOnError                     0x0800229f   Thumb Code    16  stm32f1xx_hal_uart.o(i.UART_DMAAbortOnError)
    i.UART_EndRxTransfer                     0x080022ae   Section        0  stm32f1xx_hal_uart.o(i.UART_EndRxTransfer)
    UART_EndRxTransfer                       0x080022af   Thumb Code    48  stm32f1xx_hal_uart.o(i.UART_EndRxTransfer)
    i.UART_Receive_IT                        0x080022de   Section        0  stm32f1xx_hal_uart.o(i.UART_Receive_IT)
    UART_Receive_IT                          0x080022df   Thumb Code   182  stm32f1xx_hal_uart.o(i.UART_Receive_IT)
    i.UART_SetConfig                         0x08002394   Section        0  stm32f1xx_hal_uart.o(i.UART_SetConfig)
    UART_SetConfig                           0x08002395   Thumb Code   178  stm32f1xx_hal_uart.o(i.UART_SetConfig)
    i.UART_WaitOnFlagUntilTimeout            0x0800244c   Section        0  stm32f1xx_hal_uart.o(i.UART_WaitOnFlagUntilTimeout)
    UART_WaitOnFlagUntilTimeout              0x0800244d   Thumb Code   100  stm32f1xx_hal_uart.o(i.UART_WaitOnFlagUntilTimeout)
    i.USART1_IRQHandler                      0x080024b0   Section        0  stm32f1xx_it.o(i.USART1_IRQHandler)
    i.USER_initialize                        0x080024bc   Section        0  user_diskio_1.o(i.USER_initialize)
    i.USER_ioctl                             0x080024dc   Section        0  user_diskio_1.o(i.USER_ioctl)
    i.USER_read                              0x0800252c   Section        0  user_diskio_1.o(i.USER_read)
    i.USER_status                            0x08002574   Section        0  user_diskio_1.o(i.USER_status)
    i.USER_write                             0x08002584   Section        0  user_diskio_1.o(i.USER_write)
    i.UsageFault_Handler                     0x080025d4   Section        0  stm32f1xx_it.o(i.UsageFault_Handler)
    i.__NVIC_SetPriority                     0x080025d6   Section        0  stm32f1xx_hal_cortex.o(i.__NVIC_SetPriority)
    __NVIC_SetPriority                       0x080025d7   Thumb Code    32  stm32f1xx_hal_cortex.o(i.__NVIC_SetPriority)
    i._is_digit                              0x080025f6   Section        0  __printf_wp.o(i._is_digit)
    i.check_fs                               0x08002604   Section        0  ff.o(i.check_fs)
    check_fs                                 0x08002605   Thumb Code    90  ff.o(i.check_fs)
    i.chk_chr                                0x08002664   Section        0  ff.o(i.chk_chr)
    chk_chr                                  0x08002665   Thumb Code    16  ff.o(i.chk_chr)
    i.clear_lock                             0x08002674   Section        0  ff.o(i.clear_lock)
    clear_lock                               0x08002675   Thumb Code    32  ff.o(i.clear_lock)
    i.clust2sect                             0x08002698   Section        0  ff.o(i.clust2sect)
    i.create_chain                           0x080026b4   Section        0  ff.o(i.create_chain)
    create_chain                             0x080026b5   Thumb Code   164  ff.o(i.create_chain)
    i.create_name                            0x08002758   Section        0  ff.o(i.create_name)
    create_name                              0x08002759   Thumb Code   492  ff.o(i.create_name)
    i.dec_lock                               0x0800295c   Section        0  ff.o(i.dec_lock)
    dec_lock                                 0x0800295d   Thumb Code    54  ff.o(i.dec_lock)
    i.dir_find                               0x08002998   Section        0  ff.o(i.dir_find)
    dir_find                                 0x08002999   Thumb Code   314  ff.o(i.dir_find)
    i.dir_next                               0x08002ad8   Section        0  ff.o(i.dir_next)
    dir_next                                 0x08002ad9   Thumb Code   284  ff.o(i.dir_next)
    i.dir_read                               0x08002bf4   Section        0  ff.o(i.dir_read)
    dir_read                                 0x08002bf5   Thumb Code   252  ff.o(i.dir_read)
    i.dir_sdi                                0x08002cf4   Section        0  ff.o(i.dir_sdi)
    dir_sdi                                  0x08002cf5   Thumb Code   154  ff.o(i.dir_sdi)
    i.disk_initialize                        0x08002d90   Section        0  diskio.o(i.disk_initialize)
    i.disk_ioctl                             0x08002db8   Section        0  diskio.o(i.disk_ioctl)
    i.disk_read                              0x08002dd4   Section        0  diskio.o(i.disk_read)
    i.disk_status                            0x08002df0   Section        0  diskio.o(i.disk_status)
    i.disk_write                             0x08002e08   Section        0  diskio.o(i.disk_write)
    i.f_closedir                             0x08002e24   Section        0  ff.o(i.f_closedir)
    i.f_getfree                              0x08002e48   Section        0  ff.o(i.f_getfree)
    i.f_mount                                0x08002f0c   Section        0  ff.o(i.f_mount)
    i.f_opendir                              0x08002f70   Section        0  ff.o(i.f_opendir)
    i.f_readdir                              0x08003000   Section        0  ff.o(i.f_readdir)
    i.ff_convert                             0x0800305c   Section        0  ccsbcs_1.o(i.ff_convert)
    i.ff_wtoupper                            0x08003094   Section        0  ccsbcs_1.o(i.ff_wtoupper)
    i.find_volume                            0x080030b8   Section        0  ff.o(i.find_volume)
    find_volume                              0x080030b9   Thumb Code   606  ff.o(i.find_volume)
    i.follow_path                            0x08003324   Section        0  ff.o(i.follow_path)
    follow_path                              0x08003325   Thumb Code   106  ff.o(i.follow_path)
    i.get_fat                                0x0800338e   Section        0  ff.o(i.get_fat)
    i.get_fileinfo                           0x08003474   Section        0  ff.o(i.get_fileinfo)
    get_fileinfo                             0x08003475   Thumb Code   190  ff.o(i.get_fileinfo)
    i.get_ldnumber                           0x08003532   Section        0  ff.o(i.get_ldnumber)
    get_ldnumber                             0x08003533   Thumb Code    60  ff.o(i.get_ldnumber)
    i.inc_lock                               0x08003570   Section        0  ff.o(i.inc_lock)
    inc_lock                                 0x08003571   Thumb Code   146  ff.o(i.inc_lock)
    i.ld_clust                               0x08003608   Section        0  ff.o(i.ld_clust)
    ld_clust                                 0x08003609   Thumb Code    22  ff.o(i.ld_clust)
    i.main                                   0x08003620   Section        0  main.o(i.main)
    i.mem_set                                0x080038c4   Section        0  ff.o(i.mem_set)
    mem_set                                  0x080038c5   Thumb Code    14  ff.o(i.mem_set)
    i.move_window                            0x080038d2   Section        0  ff.o(i.move_window)
    move_window                              0x080038d3   Thumb Code    56  ff.o(i.move_window)
    i.put_fat                                0x0800390a   Section        0  ff.o(i.put_fat)
    i.sd_ini                                 0x08003a28   Section        0  sd.o(i.sd_ini)
    i.sum_sfn                                0x08003c2c   Section        0  ff.o(i.sum_sfn)
    sum_sfn                                  0x08003c2d   Thumb Code    26  ff.o(i.sum_sfn)
    i.sync_window                            0x08003c46   Section        0  ff.o(i.sync_window)
    sync_window                              0x08003c47   Thumb Code    82  ff.o(i.sync_window)
    i.validate                               0x08003c98   Section        0  ff.o(i.validate)
    validate                                 0x08003c99   Thumb Code    42  ff.o(i.validate)
    .constdata                               0x08003cc2   Section       16  system_stm32f1xx.o(.constdata)
    .constdata                               0x08003cd2   Section        8  system_stm32f1xx.o(.constdata)
    .constdata                               0x08003cda   Section      186  ff.o(.constdata)
    ExCvt                                    0x08003cda   Data         128  ff.o(.constdata)
    LfnOfs                                   0x08003d5a   Data          13  ff.o(.constdata)
    vst                                      0x08003d68   Data          22  ff.o(.constdata)
    cst                                      0x08003d7e   Data          22  ff.o(.constdata)
    .constdata                               0x08003d94   Section     1216  ccsbcs_1.o(.constdata)
    Tbl                                      0x08003d94   Data         256  ccsbcs_1.o(.constdata)
    tbl_lower                                0x08003e94   Data         480  ccsbcs_1.o(.constdata)
    tbl_upper                                0x08004074   Data         480  ccsbcs_1.o(.constdata)
    .constdata                               0x08004254   Section       40  _printf_hex_int.o(.constdata)
    uc_hextab                                0x08004254   Data          20  _printf_hex_int.o(.constdata)
    lc_hextab                                0x08004268   Data          20  _printf_hex_int.o(.constdata)
    .constdata                               0x0800427c   Section       17  __printf_flags_ss_wp.o(.constdata)
    maptable                                 0x0800427c   Data          17  __printf_flags_ss_wp.o(.constdata)
    .data                                    0x20000000   Section        1  sd.o(.data)
    .data                                    0x20000004   Section       12  main.o(.data)
    .data                                    0x20000010   Section        1  user_diskio_1.o(.data)
    Stat                                     0x20000010   Data           1  user_diskio_1.o(.data)
    .data                                    0x20000014   Section       20  user_diskio_1.o(.data)
    .data                                    0x20000028   Section        5  fatfs.o(.data)
    .data                                    0x20000030   Section       12  stm32f1xx_hal.o(.data)
    .data                                    0x2000003c   Section        4  system_stm32f1xx.o(.data)
    .data                                    0x20000040   Section        8  ff.o(.data)
    Fsid                                     0x20000040   Data           2  ff.o(.data)
    FatFs                                    0x20000044   Data           4  ff.o(.data)
    .bss                                     0x20000048   Section       60  sd.o(.bss)
    .bss                                     0x20000084   Section     9112  main.o(.bss)
    .bss                                     0x2000241c   Section      536  ff.o(.bss)
    Files                                    0x2000241c   Data          24  ff.o(.bss)
    LfnBuf                                   0x20002434   Data         512  ff.o(.bss)
    .bss                                     0x20002634   Section       12  ff_gen_drv.o(.bss)
    .bss                                     0x20002640   Section       96  libspace.o(.bss)
    HEAP                                     0x200026a0   Section      512  startup_stm32f103xe.o(HEAP)
    Heap_Mem                                 0x200026a0   Data         512  startup_stm32f103xe.o(HEAP)
    STACK                                    0x200028a0   Section     1024  startup_stm32f103xe.o(STACK)
    Stack_Mem                                0x200028a0   Data        1024  startup_stm32f103xe.o(STACK)
    __initial_sp                             0x20002ca0   Data           0  startup_stm32f103xe.o(STACK)

    Global Symbols

    Symbol Name                              Value     Ov Type        Size  Object(Section)

    BuildAttributes$$THM_ISAv4$P$D$K$B$S$PE$A:L22UL41UL21$X:L11$S22US41US21$IEEE1$IW$USESV6$~STKCKD$USESV7$~SHL$OSPACE$ROPI$EBA8$UX$STANDARDLIB$REQ8$PRES8$EABIv2 0x00000000   Number         0  anon$$obj.o ABSOLUTE
    __ARM_use_no_argv                        0x00000000   Number         0  main.o ABSOLUTE
    _printf_flags                            0x00000000   Number         0  printf_stubs.o ABSOLUTE
    _printf_return_value                     0x00000000   Number         0  printf_stubs.o ABSOLUTE
    _printf_sizespec                         0x00000000   Number         0  printf_stubs.o ABSOLUTE
    _printf_widthprec                        0x00000000   Number         0  printf_stubs.o ABSOLUTE
    __ARM_exceptions_init                     - Undefined Weak Reference
    __alloca_initialize                       - Undefined Weak Reference
    __arm_preinit_                            - Undefined Weak Reference
    __cpp_initialize__aeabi_                  - Undefined Weak Reference
    __cxa_finalize                            - Undefined Weak Reference
    __rt_locale                               - Undefined Weak Reference
    __sigvec_lookup                           - Undefined Weak Reference
    _atexit_init                              - Undefined Weak Reference
    _call_atexit_fns                          - Undefined Weak Reference
    _clock_init                               - Undefined Weak Reference
    _fp_trap_init                             - Undefined Weak Reference
    _fp_trap_shutdown                         - Undefined Weak Reference
    _get_lc_collate                           - Undefined Weak Reference
    _get_lc_ctype                             - Undefined Weak Reference
    _get_lc_monetary                          - Undefined Weak Reference
    _get_lc_numeric                           - Undefined Weak Reference
    _get_lc_time                              - Undefined Weak Reference
    _getenv_init                              - Undefined Weak Reference
    _handle_redirection                       - Undefined Weak Reference
    _init_alloc                               - Undefined Weak Reference
    _init_user_alloc                          - Undefined Weak Reference
    _initio                                   - Undefined Weak Reference
    _printf_truncate_signed                   - Undefined Weak Reference
    _printf_truncate_unsigned                 - Undefined Weak Reference
    _rand_init                                - Undefined Weak Reference
    _signal_finish                            - Undefined Weak Reference
    _signal_init                              - Undefined Weak Reference
    _terminate_alloc                          - Undefined Weak Reference
    _terminate_user_alloc                     - Undefined Weak Reference
    _terminateio                              - Undefined Weak Reference
    __Vectors_Size                           0x00000130   Number         0  startup_stm32f103xe.o ABSOLUTE
    __Vectors                                0x08000000   Data           4  startup_stm32f103xe.o(RESET)
    __Vectors_End                            0x08000130   Data           0  startup_stm32f103xe.o(RESET)
    __main                                   0x08000131   Thumb Code     8  __main.o(!!!main)
    __scatterload                            0x08000139   Thumb Code     0  __scatter.o(!!!scatter)
    __scatterload_rt2                        0x08000139   Thumb Code    44  __scatter.o(!!!scatter)
    __scatterload_rt2_thumb_only             0x08000139   Thumb Code     0  __scatter.o(!!!scatter)
    __scatterload_null                       0x08000147   Thumb Code     0  __scatter.o(!!!scatter)
    __scatterload_copy                       0x0800016d   Thumb Code    26  __scatter_copy.o(!!handler_copy)
    __scatterload_zeroinit                   0x08000189   Thumb Code    28  __scatter_zi.o(!!handler_zi)
    _printf_d                                0x080001a5   Thumb Code     0  _printf_d.o(.ARM.Collect$$_printf_percent$$00000009)
    _printf_percent                          0x080001a5   Thumb Code     0  _printf_percent.o(.ARM.Collect$$_printf_percent$$00000000)
    _printf_u                                0x080001ab   Thumb Code     0  _printf_u.o(.ARM.Collect$$_printf_percent$$0000000A)
    _printf_x                                0x080001b1   Thumb Code     0  _printf_x.o(.ARM.Collect$$_printf_percent$$0000000C)
    _printf_percent_end                      0x080001b7   Thumb Code     0  _printf_percent_end.o(.ARM.Collect$$_printf_percent$$00000017)
    __rt_lib_init                            0x080001bb   Thumb Code     0  libinit.o(.ARM.Collect$$libinit$$00000000)
    __rt_lib_init_alloca_1                   0x080001bd   Thumb Code     0  libinit2.o(.ARM.Collect$$libinit$$0000002E)
    __rt_lib_init_argv_1                     0x080001bd   Thumb Code     0  libinit2.o(.ARM.Collect$$libinit$$0000002C)
    __rt_lib_init_atexit_1                   0x080001bd   Thumb Code     0  libinit2.o(.ARM.Collect$$libinit$$0000001B)
    __rt_lib_init_clock_1                    0x080001bd   Thumb Code     0  libinit2.o(.ARM.Collect$$libinit$$00000021)
    __rt_lib_init_cpp_1                      0x080001bd   Thumb Code     0  libinit2.o(.ARM.Collect$$libinit$$00000032)
    __rt_lib_init_exceptions_1               0x080001bd   Thumb Code     0  libinit2.o(.ARM.Collect$$libinit$$00000030)
    __rt_lib_init_fp_1                       0x080001bd   Thumb Code     0  libinit2.o(.ARM.Collect$$libinit$$00000002)
    __rt_lib_init_fp_trap_1                  0x080001bd   Thumb Code     0  libinit2.o(.ARM.Collect$$libinit$$0000001F)
    __rt_lib_init_getenv_1                   0x080001bd   Thumb Code     0  libinit2.o(.ARM.Collect$$libinit$$00000023)
    __rt_lib_init_heap_1                     0x080001bd   Thumb Code     0  libinit2.o(.ARM.Collect$$libinit$$0000000A)
    __rt_lib_init_lc_collate_1               0x080001bd   Thumb Code     0  libinit2.o(.ARM.Collect$$libinit$$00000011)
    __rt_lib_init_lc_ctype_1                 0x080001bd   Thumb Code     0  libinit2.o(.ARM.Collect$$libinit$$00000013)
    __rt_lib_init_lc_monetary_1              0x080001bd   Thumb Code     0  libinit2.o(.ARM.Collect$$libinit$$00000015)
    __rt_lib_init_lc_numeric_1               0x080001bd   Thumb Code     0  libinit2.o(.ARM.Collect$$libinit$$00000017)
    __rt_lib_init_lc_time_1                  0x080001bd   Thumb Code     0  libinit2.o(.ARM.Collect$$libinit$$00000019)
    __rt_lib_init_preinit_1                  0x080001bd   Thumb Code     0  libinit2.o(.ARM.Collect$$libinit$$00000004)
    __rt_lib_init_rand_1                     0x080001bd   Thumb Code     0  libinit2.o(.ARM.Collect$$libinit$$0000000E)
    __rt_lib_init_return                     0x080001bd   Thumb Code     0  libinit2.o(.ARM.Collect$$libinit$$00000033)
    __rt_lib_init_signal_1                   0x080001bd   Thumb Code     0  libinit2.o(.ARM.Collect$$libinit$$0000001D)
    __rt_lib_init_stdio_1                    0x080001bd   Thumb Code     0  libinit2.o(.ARM.Collect$$libinit$$00000025)
    __rt_lib_init_user_alloc_1               0x080001bd   Thumb Code     0  libinit2.o(.ARM.Collect$$libinit$$0000000C)
    __rt_lib_shutdown                        0x080001bf   Thumb Code     0  libshutdown.o(.ARM.Collect$$libshutdown$$00000000)
    __rt_lib_shutdown_cpp_1                  0x080001c1   Thumb Code     0  libshutdown2.o(.ARM.Collect$$libshutdown$$00000002)
    __rt_lib_shutdown_fp_trap_1              0x080001c1   Thumb Code     0  libshutdown2.o(.ARM.Collect$$libshutdown$$00000007)
    __rt_lib_shutdown_heap_1                 0x080001c1   Thumb Code     0  libshutdown2.o(.ARM.Collect$$libshutdown$$0000000F)
    __rt_lib_shutdown_return                 0x080001c1   Thumb Code     0  libshutdown2.o(.ARM.Collect$$libshutdown$$00000010)
    __rt_lib_shutdown_signal_1               0x080001c1   Thumb Code     0  libshutdown2.o(.ARM.Collect$$libshutdown$$0000000A)
    __rt_lib_shutdown_stdio_1                0x080001c1   Thumb Code     0  libshutdown2.o(.ARM.Collect$$libshutdown$$00000004)
    __rt_lib_shutdown_user_alloc_1           0x080001c1   Thumb Code     0  libshutdown2.o(.ARM.Collect$$libshutdown$$0000000C)
    __rt_entry                               0x080001c3   Thumb Code     0  __rtentry.o(.ARM.Collect$$rtentry$$00000000)
    __rt_entry_presh_1                       0x080001c3   Thumb Code     0  __rtentry2.o(.ARM.Collect$$rtentry$$00000002)
    __rt_entry_sh                            0x080001c3   Thumb Code     0  __rtentry4.o(.ARM.Collect$$rtentry$$00000004)
    __rt_entry_li                            0x080001c9   Thumb Code     0  __rtentry2.o(.ARM.Collect$$rtentry$$0000000A)
    __rt_entry_postsh_1                      0x080001c9   Thumb Code     0  __rtentry2.o(.ARM.Collect$$rtentry$$00000009)
    __rt_entry_main                          0x080001cd   Thumb Code     0  __rtentry2.o(.ARM.Collect$$rtentry$$0000000D)
    __rt_entry_postli_1                      0x080001cd   Thumb Code     0  __rtentry2.o(.ARM.Collect$$rtentry$$0000000C)
    __rt_exit                                0x080001d5   Thumb Code     0  rtexit.o(.ARM.Collect$$rtexit$$00000000)
    __rt_exit_ls                             0x080001d7   Thumb Code     0  rtexit2.o(.ARM.Collect$$rtexit$$00000003)
    __rt_exit_prels_1                        0x080001d7   Thumb Code     0  rtexit2.o(.ARM.Collect$$rtexit$$00000002)
    __rt_exit_exit                           0x080001db   Thumb Code     0  rtexit2.o(.ARM.Collect$$rtexit$$00000004)
    Reset_Handler                            0x080001e1   Thumb Code     8  startup_stm32f103xe.o(.text)
    ADC1_2_IRQHandler                        0x080001fb   Thumb Code     0  startup_stm32f103xe.o(.text)
    ADC3_IRQHandler                          0x080001fb   Thumb Code     0  startup_stm32f103xe.o(.text)
    CAN1_RX1_IRQHandler                      0x080001fb   Thumb Code     0  startup_stm32f103xe.o(.text)
    CAN1_SCE_IRQHandler                      0x080001fb   Thumb Code     0  startup_stm32f103xe.o(.text)
    DMA1_Channel1_IRQHandler                 0x080001fb   Thumb Code     0  startup_stm32f103xe.o(.text)
    DMA1_Channel2_IRQHandler                 0x080001fb   Thumb Code     0  startup_stm32f103xe.o(.text)
    DMA1_Channel3_IRQHandler                 0x080001fb   Thumb Code     0  startup_stm32f103xe.o(.text)
    DMA1_Channel4_IRQHandler                 0x080001fb   Thumb Code     0  startup_stm32f103xe.o(.text)
    DMA1_Channel5_IRQHandler                 0x080001fb   Thumb Code     0  startup_stm32f103xe.o(.text)
    DMA1_Channel6_IRQHandler                 0x080001fb   Thumb Code     0  startup_stm32f103xe.o(.text)
    DMA1_Channel7_IRQHandler                 0x080001fb   Thumb Code     0  startup_stm32f103xe.o(.text)
    DMA2_Channel1_IRQHandler                 0x080001fb   Thumb Code     0  startup_stm32f103xe.o(.text)
    DMA2_Channel2_IRQHandler                 0x080001fb   Thumb Code     0  startup_stm32f103xe.o(.text)
    DMA2_Channel3_IRQHandler                 0x080001fb   Thumb Code     0  startup_stm32f103xe.o(.text)
    DMA2_Channel4_5_IRQHandler               0x080001fb   Thumb Code     0  startup_stm32f103xe.o(.text)
    EXTI0_IRQHandler                         0x080001fb   Thumb Code     0  startup_stm32f103xe.o(.text)
    EXTI15_10_IRQHandler                     0x080001fb   Thumb Code     0  startup_stm32f103xe.o(.text)
    EXTI1_IRQHandler                         0x080001fb   Thumb Code     0  startup_stm32f103xe.o(.text)
    EXTI3_IRQHandler                         0x080001fb   Thumb Code     0  startup_stm32f103xe.o(.text)
    EXTI4_IRQHandler                         0x080001fb   Thumb Code     0  startup_stm32f103xe.o(.text)
    EXTI9_5_IRQHandler                       0x080001fb   Thumb Code     0  startup_stm32f103xe.o(.text)
    FLASH_IRQHandler                         0x080001fb   Thumb Code     0  startup_stm32f103xe.o(.text)
    FSMC_IRQHandler                          0x080001fb   Thumb Code     0  startup_stm32f103xe.o(.text)
    I2C1_ER_IRQHandler                       0x080001fb   Thumb Code     0  startup_stm32f103xe.o(.text)
    I2C1_EV_IRQHandler                       0x080001fb   Thumb Code     0  startup_stm32f103xe.o(.text)
    I2C2_ER_IRQHandler                       0x080001fb   Thumb Code     0  startup_stm32f103xe.o(.text)
    I2C2_EV_IRQHandler                       0x080001fb   Thumb Code     0  startup_stm32f103xe.o(.text)
    PVD_IRQHandler                           0x080001fb   Thumb Code     0  startup_stm32f103xe.o(.text)
    RCC_IRQHandler                           0x080001fb   Thumb Code     0  startup_stm32f103xe.o(.text)
    RTC_Alarm_IRQHandler                     0x080001fb   Thumb Code     0  startup_stm32f103xe.o(.text)
    RTC_IRQHandler                           0x080001fb   Thumb Code     0  startup_stm32f103xe.o(.text)
    SDIO_IRQHandler                          0x080001fb   Thumb Code     0  startup_stm32f103xe.o(.text)
    SPI1_IRQHandler                          0x080001fb   Thumb Code     0  startup_stm32f103xe.o(.text)
    SPI2_IRQHandler                          0x080001fb   Thumb Code     0  startup_stm32f103xe.o(.text)
    SPI3_IRQHandler                          0x080001fb   Thumb Code     0  startup_stm32f103xe.o(.text)
    TAMPER_IRQHandler                        0x080001fb   Thumb Code     0  startup_stm32f103xe.o(.text)
    TIM1_BRK_IRQHandler                      0x080001fb   Thumb Code     0  startup_stm32f103xe.o(.text)
    TIM1_CC_IRQHandler                       0x080001fb   Thumb Code     0  startup_stm32f103xe.o(.text)
    TIM1_TRG_COM_IRQHandler                  0x080001fb   Thumb Code     0  startup_stm32f103xe.o(.text)
    TIM1_UP_IRQHandler                       0x080001fb   Thumb Code     0  startup_stm32f103xe.o(.text)
    TIM3_IRQHandler                          0x080001fb   Thumb Code     0  startup_stm32f103xe.o(.text)
    TIM4_IRQHandler                          0x080001fb   Thumb Code     0  startup_stm32f103xe.o(.text)
    TIM5_IRQHandler                          0x080001fb   Thumb Code     0  startup_stm32f103xe.o(.text)
    TIM6_IRQHandler                          0x080001fb   Thumb Code     0  startup_stm32f103xe.o(.text)
    TIM7_IRQHandler                          0x080001fb   Thumb Code     0  startup_stm32f103xe.o(.text)
    TIM8_BRK_IRQHandler                      0x080001fb   Thumb Code     0  startup_stm32f103xe.o(.text)
    TIM8_CC_IRQHandler                       0x080001fb   Thumb Code     0  startup_stm32f103xe.o(.text)
    TIM8_TRG_COM_IRQHandler                  0x080001fb   Thumb Code     0  startup_stm32f103xe.o(.text)
    TIM8_UP_IRQHandler                       0x080001fb   Thumb Code     0  startup_stm32f103xe.o(.text)
    UART4_IRQHandler                         0x080001fb   Thumb Code     0  startup_stm32f103xe.o(.text)
    UART5_IRQHandler                         0x080001fb   Thumb Code     0  startup_stm32f103xe.o(.text)
    USART2_IRQHandler                        0x080001fb   Thumb Code     0  startup_stm32f103xe.o(.text)
    USART3_IRQHandler                        0x080001fb   Thumb Code     0  startup_stm32f103xe.o(.text)
    USBWakeUp_IRQHandler                     0x080001fb   Thumb Code     0  startup_stm32f103xe.o(.text)
    USB_HP_CAN1_TX_IRQHandler                0x080001fb   Thumb Code     0  startup_stm32f103xe.o(.text)
    USB_LP_CAN1_RX0_IRQHandler               0x080001fb   Thumb Code     0  startup_stm32f103xe.o(.text)
    WWDG_IRQHandler                          0x080001fb   Thumb Code     0  startup_stm32f103xe.o(.text)
    __user_initial_stackheap                 0x080001fd   Thumb Code     0  startup_stm32f103xe.o(.text)
    __2sprintf                               0x08000221   Thumb Code    34  noretval__2sprintf.o(.text)
    _printf_pre_padding                      0x08000249   Thumb Code    44  _printf_pad.o(.text)
    _printf_post_padding                     0x08000275   Thumb Code    34  _printf_pad.o(.text)
    _printf_int_dec                          0x08000299   Thumb Code   104  _printf_dec.o(.text)
    _printf_int_hex                          0x08000311   Thumb Code    84  _printf_hex_int.o(.text)
    _printf_longlong_hex                     0x08000311   Thumb Code     0  _printf_hex_int.o(.text)
    __printf                                 0x08000369   Thumb Code   388  __printf_flags_ss_wp.o(.text)
    strlen                                   0x080004f1   Thumb Code    62  strlen.o(.text)
    __aeabi_memcpy4                          0x0800052f   Thumb Code     0  rt_memcpy_w.o(.text)
    __aeabi_memcpy8                          0x0800052f   Thumb Code     0  rt_memcpy_w.o(.text)
    __rt_memcpy_w                            0x0800052f   Thumb Code   100  rt_memcpy_w.o(.text)
    _memcpy_lastbytes_aligned                0x08000577   Thumb Code     0  rt_memcpy_w.o(.text)
    __aeabi_memclr4                          0x08000593   Thumb Code     0  rt_memclr_w.o(.text)
    __aeabi_memclr8                          0x08000593   Thumb Code     0  rt_memclr_w.o(.text)
    __rt_memclr_w                            0x08000593   Thumb Code    78  rt_memclr_w.o(.text)
    _memset_w                                0x08000597   Thumb Code     0  rt_memclr_w.o(.text)
    __use_two_region_memory                  0x080005e1   Thumb Code     2  heapauxi.o(.text)
    __rt_heap_escrow$2region                 0x080005e3   Thumb Code     2  heapauxi.o(.text)
    __rt_heap_expand$2region                 0x080005e5   Thumb Code     2  heapauxi.o(.text)
    _printf_int_common                       0x080005e7   Thumb Code   178  _printf_intcommon.o(.text)
    _printf_char_common                      0x080006a3   Thumb Code    32  _printf_char_common.o(.text)
    _sputc                                   0x080006c9   Thumb Code    10  _sputc.o(.text)
    __user_setup_stackheap                   0x080006d3   Thumb Code    74  sys_stackheap_outer.o(.text)
    exit                                     0x0800071d   Thumb Code    18  exit.o(.text)
    __user_libspace                          0x08000731   Thumb Code     8  libspace.o(.text)
    __user_perproc_libspace                  0x08000731   Thumb Code     0  libspace.o(.text)
    __user_perthread_libspace                0x08000731   Thumb Code     0  libspace.o(.text)
    _sys_exit                                0x08000739   Thumb Code     8  sys_exit.o(.text)
    __I$use$semihosting                      0x08000745   Thumb Code     0  use_no_semi.o(.text)
    __use_no_semihosting_swi                 0x08000745   Thumb Code     2  use_no_semi.o(.text)
    BusFault_Handler                         0x08000747   Thumb Code     2  stm32f1xx_it.o(i.BusFault_Handler)
    __semihosting_library_function           0x08000747   Thumb Code     0  indicate_semi.o(.text)
    DebugMon_Handler                         0x08000749   Thumb Code     2  stm32f1xx_it.o(i.DebugMon_Handler)
    EXTI2_IRQHandler                         0x0800074b   Thumb Code     6  stm32f1xx_it.o(i.EXTI2_IRQHandler)
    FATFS_LinkDriver                         0x08000751   Thumb Code     6  ff_gen_drv.o(i.FATFS_LinkDriver)
    FATFS_LinkDriverEx                       0x08000759   Thumb Code    60  ff_gen_drv.o(i.FATFS_LinkDriverEx)
    FATFS_UnLinkDriver                       0x08000799   Thumb Code     6  ff_gen_drv.o(i.FATFS_UnLinkDriver)
    FATFS_UnLinkDriverEx                     0x080007a1   Thumb Code    48  ff_gen_drv.o(i.FATFS_UnLinkDriverEx)
    HAL_DMA_Abort                            0x080007d5   Thumb Code    70  stm32f1xx_hal_dma.o(i.HAL_DMA_Abort)
    HAL_DMA_Abort_IT                         0x0800081d   Thumb Code   296  stm32f1xx_hal_dma.o(i.HAL_DMA_Abort_IT)
    HAL_GPIO_EXTI_Callback                   0x0800094d   Thumb Code     2  stm32f1xx_hal_gpio.o(i.HAL_GPIO_EXTI_Callback)
    HAL_GPIO_EXTI_IRQHandler                 0x08000951   Thumb Code    18  stm32f1xx_hal_gpio.o(i.HAL_GPIO_EXTI_IRQHandler)
    HAL_GPIO_Init                            0x08000969   Thumb Code   462  stm32f1xx_hal_gpio.o(i.HAL_GPIO_Init)
    HAL_GPIO_WritePin                        0x08000b61   Thumb Code    10  stm32f1xx_hal_gpio.o(i.HAL_GPIO_WritePin)
    HAL_GetTick                              0x08000b6d   Thumb Code     6  stm32f1xx_hal.o(i.HAL_GetTick)
    HAL_IncTick                              0x08000b79   Thumb Code    12  stm32f1xx_hal.o(i.HAL_IncTick)
    HAL_Init                                 0x08000b89   Thumb Code    32  stm32f1xx_hal.o(i.HAL_Init)
    HAL_InitTick                             0x08000bad   Thumb Code    54  stm32f1xx_hal.o(i.HAL_InitTick)
    HAL_MspInit                              0x08000bed   Thumb Code    52  stm32f1xx_hal_msp.o(i.HAL_MspInit)
    HAL_NVIC_EnableIRQ                       0x08000c29   Thumb Code    26  stm32f1xx_hal_cortex.o(i.HAL_NVIC_EnableIRQ)
    HAL_NVIC_SetPriority                     0x08000c45   Thumb Code    60  stm32f1xx_hal_cortex.o(i.HAL_NVIC_SetPriority)
    HAL_NVIC_SetPriorityGrouping             0x08000c85   Thumb Code    26  stm32f1xx_hal_cortex.o(i.HAL_NVIC_SetPriorityGrouping)
    HAL_RCC_ClockConfig                      0x08000ca9   Thumb Code   280  stm32f1xx_hal_rcc.o(i.HAL_RCC_ClockConfig)
    HAL_RCC_GetPCLK1Freq                     0x08000dd5   Thumb Code    20  stm32f1xx_hal_rcc.o(i.HAL_RCC_GetPCLK1Freq)
    HAL_RCC_GetPCLK2Freq                     0x08000df5   Thumb Code    20  stm32f1xx_hal_rcc.o(i.HAL_RCC_GetPCLK2Freq)
    HAL_RCC_GetSysClockFreq                  0x08000e15   Thumb Code    74  stm32f1xx_hal_rcc.o(i.HAL_RCC_GetSysClockFreq)
    HAL_RCC_OscConfig                        0x08000e81   Thumb Code   778  stm32f1xx_hal_rcc.o(i.HAL_RCC_OscConfig)
    HAL_SPI_Init                             0x080011a1   Thumb Code   178  stm32f1xx_hal_spi.o(i.HAL_SPI_Init)
    HAL_SPI_MspInit                          0x08001255   Thumb Code   162  stm32f1xx_hal_msp.o(i.HAL_SPI_MspInit)
    HAL_SPI_TransmitReceive                  0x0800130d   Thumb Code   482  stm32f1xx_hal_spi.o(i.HAL_SPI_TransmitReceive)
    HAL_SYSTICK_Config                       0x080014ef   Thumb Code    40  stm32f1xx_hal_cortex.o(i.HAL_SYSTICK_Config)
    HAL_TIMEx_BreakCallback                  0x08001517   Thumb Code     2  stm32f1xx_hal_tim_ex.o(i.HAL_TIMEx_BreakCallback)
    HAL_TIMEx_CommutCallback                 0x08001519   Thumb Code     2  stm32f1xx_hal_tim_ex.o(i.HAL_TIMEx_CommutCallback)
    HAL_TIMEx_MasterConfigSynchronization    0x0800151d   Thumb Code   104  stm32f1xx_hal_tim_ex.o(i.HAL_TIMEx_MasterConfigSynchronization)
    HAL_TIM_Base_Init                        0x08001599   Thumb Code    90  stm32f1xx_hal_tim.o(i.HAL_TIM_Base_Init)
    HAL_TIM_Base_MspInit                     0x080015f5   Thumb Code    50  stm32f1xx_hal_msp.o(i.HAL_TIM_Base_MspInit)
    HAL_TIM_Base_Start_IT                    0x0800162d   Thumb Code    88  stm32f1xx_hal_tim.o(i.HAL_TIM_Base_Start_IT)
    HAL_TIM_ConfigClockSource                0x08001699   Thumb Code   214  stm32f1xx_hal_tim.o(i.HAL_TIM_ConfigClockSource)
    HAL_TIM_IC_CaptureCallback               0x0800176f   Thumb Code     2  stm32f1xx_hal_tim.o(i.HAL_TIM_IC_CaptureCallback)
    HAL_TIM_IRQHandler                       0x08001771   Thumb Code   358  stm32f1xx_hal_tim.o(i.HAL_TIM_IRQHandler)
    HAL_TIM_OC_DelayElapsedCallback          0x080018d7   Thumb Code     2  stm32f1xx_hal_tim.o(i.HAL_TIM_OC_DelayElapsedCallback)
    HAL_TIM_PWM_PulseFinishedCallback        0x080018d9   Thumb Code     2  stm32f1xx_hal_tim.o(i.HAL_TIM_PWM_PulseFinishedCallback)
    HAL_TIM_PeriodElapsedCallback            0x080018dd   Thumb Code    16  main.o(i.HAL_TIM_PeriodElapsedCallback)
    HAL_TIM_TriggerCallback                  0x080018f5   Thumb Code     2  stm32f1xx_hal_tim.o(i.HAL_TIM_TriggerCallback)
    HAL_UARTEx_RxEventCallback               0x080018f7   Thumb Code     2  stm32f1xx_hal_uart.o(i.HAL_UARTEx_RxEventCallback)
    HAL_UART_ErrorCallback                   0x080018f9   Thumb Code     2  stm32f1xx_hal_uart.o(i.HAL_UART_ErrorCallback)
    HAL_UART_IRQHandler                      0x080018fd   Thumb Code   520  stm32f1xx_hal_uart.o(i.HAL_UART_IRQHandler)
    HAL_UART_Init                            0x08001b09   Thumb Code    98  stm32f1xx_hal_uart.o(i.HAL_UART_Init)
    HAL_UART_MspInit                         0x08001b6d   Thumb Code   116  stm32f1xx_hal_msp.o(i.HAL_UART_MspInit)
    HAL_UART_RxCpltCallback                  0x08001bed   Thumb Code     2  stm32f1xx_hal_uart.o(i.HAL_UART_RxCpltCallback)
    HAL_UART_Transmit                        0x08001bf1   Thumb Code   178  stm32f1xx_hal_uart.o(i.HAL_UART_Transmit)
    HAL_UART_TxCpltCallback                  0x08001ca3   Thumb Code     2  stm32f1xx_hal_uart.o(i.HAL_UART_TxCpltCallback)
    HardFault_Handler                        0x08001ca5   Thumb Code     2  stm32f1xx_it.o(i.HardFault_Handler)
    MX_FATFS_Init                            0x08001ca9   Thumb Code    18  fatfs.o(i.MX_FATFS_Init)
    MemManage_Handler                        0x08001e8d   Thumb Code     2  stm32f1xx_it.o(i.MemManage_Handler)
    NMI_Handler                              0x08001e8f   Thumb Code     2  stm32f1xx_it.o(i.NMI_Handler)
    PendSV_Handler                           0x08001e91   Thumb Code     2  stm32f1xx_it.o(i.PendSV_Handler)
    SD_PowerOn                               0x08001e95   Thumb Code    14  sd.o(i.SD_PowerOn)
    SD_Read_Block                            0x08001ea9   Thumb Code    86  sd.o(i.SD_Read_Block)
    SD_Write_Block                           0x08001eff   Thumb Code   100  sd.o(i.SD_Write_Block)
    SPI_ReceiveByte                          0x08002019   Thumb Code     6  sd.o(i.SPI_ReceiveByte)
    SPI_Release                              0x0800201f   Thumb Code     6  sd.o(i.SPI_Release)
    SPI_wait_ready                           0x080020dd   Thumb Code    32  sd.o(i.SPI_wait_ready)
    SPIx_WriteRead                           0x080020fd   Thumb Code    46  sd.o(i.SPIx_WriteRead)
    SVC_Handler                              0x08002135   Thumb Code     2  stm32f1xx_it.o(i.SVC_Handler)
    SysTick_Handler                          0x08002137   Thumb Code     4  stm32f1xx_it.o(i.SysTick_Handler)
    SystemClock_Config                       0x0800213b   Thumb Code    94  main.o(i.SystemClock_Config)
    SystemInit                               0x08002199   Thumb Code     2  system_stm32f1xx.o(i.SystemInit)
    TIM2_IRQHandler                          0x0800219d   Thumb Code     6  stm32f1xx_it.o(i.TIM2_IRQHandler)
    TIM_Base_SetConfig                       0x080021a9   Thumb Code   120  stm32f1xx_hal_tim.o(i.TIM_Base_SetConfig)
    TIM_ETR_SetConfig                        0x08002235   Thumb Code    20  stm32f1xx_hal_tim.o(i.TIM_ETR_SetConfig)
    USART1_IRQHandler                        0x080024b1   Thumb Code     6  stm32f1xx_it.o(i.USART1_IRQHandler)
    USER_initialize                          0x080024bd   Thumb Code    26  user_diskio_1.o(i.USER_initialize)
    USER_ioctl                               0x080024dd   Thumb Code    72  user_diskio_1.o(i.USER_ioctl)
    USER_read                                0x0800252d   Thumb Code    62  user_diskio_1.o(i.USER_read)
    USER_status                              0x08002575   Thumb Code    12  user_diskio_1.o(i.USER_status)
    USER_write                               0x08002585   Thumb Code    72  user_diskio_1.o(i.USER_write)
    UsageFault_Handler                       0x080025d5   Thumb Code     2  stm32f1xx_it.o(i.UsageFault_Handler)
    _is_digit                                0x080025f7   Thumb Code    14  __printf_wp.o(i._is_digit)
    clust2sect                               0x08002699   Thumb Code    28  ff.o(i.clust2sect)
    disk_initialize                          0x08002d91   Thumb Code    36  diskio.o(i.disk_initialize)
    disk_ioctl                               0x08002db9   Thumb Code    24  diskio.o(i.disk_ioctl)
    disk_read                                0x08002dd5   Thumb Code    24  diskio.o(i.disk_read)
    disk_status                              0x08002df1   Thumb Code    18  diskio.o(i.disk_status)
    disk_write                               0x08002e09   Thumb Code    24  diskio.o(i.disk_write)
    f_closedir                               0x08002e25   Thumb Code    36  ff.o(i.f_closedir)
    f_getfree                                0x08002e49   Thumb Code   194  ff.o(i.f_getfree)
    f_mount                                  0x08002f0d   Thumb Code    94  ff.o(i.f_mount)
    f_opendir                                0x08002f71   Thumb Code   140  ff.o(i.f_opendir)
    f_readdir                                0x08003001   Thumb Code    86  ff.o(i.f_readdir)
    ff_convert                               0x0800305d   Thumb Code    52  ccsbcs_1.o(i.ff_convert)
    ff_wtoupper                              0x08003095   Thumb Code    28  ccsbcs_1.o(i.ff_wtoupper)
    get_fat                                  0x0800338f   Thumb Code   230  ff.o(i.get_fat)
    main                                     0x08003621   Thumb Code   480  main.o(i.main)
    put_fat                                  0x0800390b   Thumb Code   286  ff.o(i.put_fat)
    sd_ini                                   0x08003a29   Thumb Code   434  sd.o(i.sd_ini)
    AHBPrescTable                            0x08003cc2   Data          16  system_stm32f1xx.o(.constdata)
    APBPrescTable                            0x08003cd2   Data           8  system_stm32f1xx.o(.constdata)
    Region$$Table$$Base                      0x08004290   Number         0  anon$$obj.o(Region$$Table)
    Region$$Table$$Limit                     0x080042b0   Number         0  anon$$obj.o(Region$$Table)
    sdinfo                                   0x20000000   Data           1  sd.o(.data)
    result                                   0x20000004   Data           1  main.o(.data)
    Timer1                                   0x20000006   Data           2  main.o(.data)
    bytesread                                0x20000008   Data           4  main.o(.data)
    fs                                       0x2000000c   Data           4  main.o(.data)
    USER_Driver                              0x20000014   Data          20  user_diskio_1.o(.data)
    retUSER                                  0x20000028   Data           1  fatfs.o(.data)
    USERPath                                 0x20000029   Data           4  fatfs.o(.data)
    uwTickFreq                               0x20000030   Data           1  stm32f1xx_hal.o(.data)
    uwTickPrio                               0x20000034   Data           4  stm32f1xx_hal.o(.data)
    uwTick                                   0x20000038   Data           4  stm32f1xx_hal.o(.data)
    SystemCoreClock                          0x2000003c   Data           4  system_stm32f1xx.o(.data)
    str1                                     0x20000048   Data          60  sd.o(.bss)
    hspi1                                    0x20000084   Data          88  main.o(.bss)
    hspi2                                    0x200000dc   Data          88  main.o(.bss)
    htim2                                    0x20000134   Data          72  main.o(.bss)
    huart1                                   0x2000017c   Data          68  main.o(.bss)
    sect                                     0x200001c0   Data         512  main.o(.bss)
    SDFatFs                                  0x200003c0   Data        4144  main.o(.bss)
    MyFile                                   0x200013f0   Data        4140  main.o(.bss)
    disk                                     0x20002634   Data          12  ff_gen_drv.o(.bss)
    __libspace_start                         0x20002640   Data          96  libspace.o(.bss)
    __temporary_stack_top$libspace           0x200026a0   Data           0  libspace.o(.bss)



==============================================================================

Memory Map of the image

  Image Entry point : 0x08000131

  Load Region LR_IROM1 (Base: 0x08000000, Size: 0x000042f8, Max: 0x00080000, ABSOLUTE)

    Execution Region ER_IROM1 (Base: 0x08000000, Size: 0x000042b0, Max: 0x00080000, ABSOLUTE)

    Base Addr    Size         Type   Attr      Idx    E Section Name        Object

    0x08000000   0x00000130   Data   RO            3    RESET               startup_stm32f103xe.o
    0x08000130   0x00000008   Code   RO         3818  * !!!main             c_w.l(__main.o)
    0x08000138   0x00000034   Code   RO         3984    !!!scatter          c_w.l(__scatter.o)
    0x0800016c   0x0000001a   Code   RO         3986    !!handler_copy      c_w.l(__scatter_copy.o)
    0x08000186   0x00000002   PAD
    0x08000188   0x0000001c   Code   RO         3988    !!handler_zi        c_w.l(__scatter_zi.o)
    0x080001a4   0x00000000   Code   RO         3809    .ARM.Collect$$_printf_percent$$00000000  c_w.l(_printf_percent.o)
    0x080001a4   0x00000006   Code   RO         3807    .ARM.Collect$$_printf_percent$$00000009  c_w.l(_printf_d.o)
    0x080001aa   0x00000006   Code   RO         3808    .ARM.Collect$$_printf_percent$$0000000A  c_w.l(_printf_u.o)
    0x080001b0   0x00000006   Code   RO         3806    .ARM.Collect$$_printf_percent$$0000000C  c_w.l(_printf_x.o)
    0x080001b6   0x00000004   Code   RO         3827    .ARM.Collect$$_printf_percent$$00000017  c_w.l(_printf_percent_end.o)
    0x080001ba   0x00000002   Code   RO         3854    .ARM.Collect$$libinit$$00000000  c_w.l(libinit.o)
    0x080001bc   0x00000000   Code   RO         3861    .ARM.Collect$$libinit$$00000002  c_w.l(libinit2.o)
    0x080001bc   0x00000000   Code   RO         3863    .ARM.Collect$$libinit$$00000004  c_w.l(libinit2.o)
    0x080001bc   0x00000000   Code   RO         3866    .ARM.Collect$$libinit$$0000000A  c_w.l(libinit2.o)
    0x080001bc   0x00000000   Code   RO         3868    .ARM.Collect$$libinit$$0000000C  c_w.l(libinit2.o)
    0x080001bc   0x00000000   Code   RO         3870    .ARM.Collect$$libinit$$0000000E  c_w.l(libinit2.o)
    0x080001bc   0x00000000   Code   RO         3873    .ARM.Collect$$libinit$$00000011  c_w.l(libinit2.o)
    0x080001bc   0x00000000   Code   RO         3875    .ARM.Collect$$libinit$$00000013  c_w.l(libinit2.o)
    0x080001bc   0x00000000   Code   RO         3877    .ARM.Collect$$libinit$$00000015  c_w.l(libinit2.o)
    0x080001bc   0x00000000   Code   RO         3879    .ARM.Collect$$libinit$$00000017  c_w.l(libinit2.o)
    0x080001bc   0x00000000   Code   RO         3881    .ARM.Collect$$libinit$$00000019  c_w.l(libinit2.o)
    0x080001bc   0x00000000   Code   RO         3883    .ARM.Collect$$libinit$$0000001B  c_w.l(libinit2.o)
    0x080001bc   0x00000000   Code   RO         3885    .ARM.Collect$$libinit$$0000001D  c_w.l(libinit2.o)
    0x080001bc   0x00000000   Code   RO         3887    .ARM.Collect$$libinit$$0000001F  c_w.l(libinit2.o)
    0x080001bc   0x00000000   Code   RO         3889    .ARM.Collect$$libinit$$00000021  c_w.l(libinit2.o)
    0x080001bc   0x00000000   Code   RO         3891    .ARM.Collect$$libinit$$00000023  c_w.l(libinit2.o)
    0x080001bc   0x00000000   Code   RO         3893    .ARM.Collect$$libinit$$00000025  c_w.l(libinit2.o)
    0x080001bc   0x00000000   Code   RO         3897    .ARM.Collect$$libinit$$0000002C  c_w.l(libinit2.o)
    0x080001bc   0x00000000   Code   RO         3899    .ARM.Collect$$libinit$$0000002E  c_w.l(libinit2.o)
    0x080001bc   0x00000000   Code   RO         3901    .ARM.Collect$$libinit$$00000030  c_w.l(libinit2.o)
    0x080001bc   0x00000000   Code   RO         3903    .ARM.Collect$$libinit$$00000032  c_w.l(libinit2.o)
    0x080001bc   0x00000002   Code   RO         3904    .ARM.Collect$$libinit$$00000033  c_w.l(libinit2.o)
    0x080001be   0x00000002   Code   RO         3924    .ARM.Collect$$libshutdown$$00000000  c_w.l(libshutdown.o)
    0x080001c0   0x00000000   Code   RO         3937    .ARM.Collect$$libshutdown$$00000002  c_w.l(libshutdown2.o)
    0x080001c0   0x00000000   Code   RO         3939    .ARM.Collect$$libshutdown$$00000004  c_w.l(libshutdown2.o)
    0x080001c0   0x00000000   Code   RO         3942    .ARM.Collect$$libshutdown$$00000007  c_w.l(libshutdown2.o)
    0x080001c0   0x00000000   Code   RO         3945    .ARM.Collect$$libshutdown$$0000000A  c_w.l(libshutdown2.o)
    0x080001c0   0x00000000   Code   RO         3947    .ARM.Collect$$libshutdown$$0000000C  c_w.l(libshutdown2.o)
    0x080001c0   0x00000000   Code   RO         3950    .ARM.Collect$$libshutdown$$0000000F  c_w.l(libshutdown2.o)
    0x080001c0   0x00000002   Code   RO         3951    .ARM.Collect$$libshutdown$$00000010  c_w.l(libshutdown2.o)
    0x080001c2   0x00000000   Code   RO         3820    .ARM.Collect$$rtentry$$00000000  c_w.l(__rtentry.o)
    0x080001c2   0x00000000   Code   RO         3829    .ARM.Collect$$rtentry$$00000002  c_w.l(__rtentry2.o)
    0x080001c2   0x00000006   Code   RO         3841    .ARM.Collect$$rtentry$$00000004  c_w.l(__rtentry4.o)
    0x080001c8   0x00000000   Code   RO         3831    .ARM.Collect$$rtentry$$00000009  c_w.l(__rtentry2.o)
    0x080001c8   0x00000004   Code   RO         3832    .ARM.Collect$$rtentry$$0000000A  c_w.l(__rtentry2.o)
    0x080001cc   0x00000000   Code   RO         3834    .ARM.Collect$$rtentry$$0000000C  c_w.l(__rtentry2.o)
    0x080001cc   0x00000008   Code   RO         3835    .ARM.Collect$$rtentry$$0000000D  c_w.l(__rtentry2.o)
    0x080001d4   0x00000002   Code   RO         3858    .ARM.Collect$$rtexit$$00000000  c_w.l(rtexit.o)
    0x080001d6   0x00000000   Code   RO         3906    .ARM.Collect$$rtexit$$00000002  c_w.l(rtexit2.o)
    0x080001d6   0x00000004   Code   RO         3907    .ARM.Collect$$rtexit$$00000003  c_w.l(rtexit2.o)
    0x080001da   0x00000006   Code   RO         3908    .ARM.Collect$$rtexit$$00000004  c_w.l(rtexit2.o)
    0x080001e0   0x00000040   Code   RO            4    .text               startup_stm32f103xe.o
    0x08000220   0x00000028   Code   RO         3757    .text               c_w.l(noretval__2sprintf.o)
    0x08000248   0x0000004e   Code   RO         3761    .text               c_w.l(_printf_pad.o)
    0x08000296   0x00000002   PAD
    0x08000298   0x00000078   Code   RO         3763    .text               c_w.l(_printf_dec.o)
    0x08000310   0x00000058   Code   RO         3768    .text               c_w.l(_printf_hex_int.o)
    0x08000368   0x00000188   Code   RO         3803    .text               c_w.l(__printf_flags_ss_wp.o)
    0x080004f0   0x0000003e   Code   RO         3810    .text               c_w.l(strlen.o)
    0x0800052e   0x00000064   Code   RO         3812    .text               c_w.l(rt_memcpy_w.o)
    0x08000592   0x0000004e   Code   RO         3814    .text               c_w.l(rt_memclr_w.o)
    0x080005e0   0x00000006   Code   RO         3816    .text               c_w.l(heapauxi.o)
    0x080005e6   0x000000b2   Code   RO         3821    .text               c_w.l(_printf_intcommon.o)
    0x08000698   0x00000030   Code   RO         3823    .text               c_w.l(_printf_char_common.o)
    0x080006c8   0x0000000a   Code   RO         3825    .text               c_w.l(_sputc.o)
    0x080006d2   0x0000004a   Code   RO         3845    .text               c_w.l(sys_stackheap_outer.o)
    0x0800071c   0x00000012   Code   RO         3847    .text               c_w.l(exit.o)
    0x0800072e   0x00000002   PAD
    0x08000730   0x00000008   Code   RO         3855    .text               c_w.l(libspace.o)
    0x08000738   0x0000000c   Code   RO         3916    .text               c_w.l(sys_exit.o)
    0x08000744   0x00000002   Code   RO         3927    .text               c_w.l(use_no_semi.o)
    0x08000746   0x00000000   Code   RO         3929    .text               c_w.l(indicate_semi.o)
    0x08000746   0x00000002   Code   RO          291    i.BusFault_Handler  stm32f1xx_it.o
    0x08000748   0x00000002   Code   RO          292    i.DebugMon_Handler  stm32f1xx_it.o
    0x0800074a   0x00000006   Code   RO          293    i.EXTI2_IRQHandler  stm32f1xx_it.o
    0x08000750   0x00000006   Code   RO         3642    i.FATFS_LinkDriver  ff_gen_drv.o
    0x08000756   0x00000002   PAD
    0x08000758   0x00000040   Code   RO         3643    i.FATFS_LinkDriverEx  ff_gen_drv.o
    0x08000798   0x00000006   Code   RO         3644    i.FATFS_UnLinkDriver  ff_gen_drv.o
    0x0800079e   0x00000002   PAD
    0x080007a0   0x00000034   Code   RO         3645    i.FATFS_UnLinkDriverEx  ff_gen_drv.o
    0x080007d4   0x00000046   Code   RO          964    i.HAL_DMA_Abort     stm32f1xx_hal_dma.o
    0x0800081a   0x00000002   PAD
    0x0800081c   0x00000130   Code   RO          965    i.HAL_DMA_Abort_IT  stm32f1xx_hal_dma.o
    0x0800094c   0x00000002   Code   RO          898    i.HAL_GPIO_EXTI_Callback  stm32f1xx_hal_gpio.o
    0x0800094e   0x00000002   PAD
    0x08000950   0x00000018   Code   RO          899    i.HAL_GPIO_EXTI_IRQHandler  stm32f1xx_hal_gpio.o
    0x08000968   0x000001f8   Code   RO          900    i.HAL_GPIO_Init     stm32f1xx_hal_gpio.o
    0x08000b60   0x0000000a   Code   RO          904    i.HAL_GPIO_WritePin  stm32f1xx_hal_gpio.o
    0x08000b6a   0x00000002   PAD
    0x08000b6c   0x0000000c   Code   RO          596    i.HAL_GetTick       stm32f1xx_hal.o
    0x08000b78   0x00000010   Code   RO          602    i.HAL_IncTick       stm32f1xx_hal.o
    0x08000b88   0x00000024   Code   RO          603    i.HAL_Init          stm32f1xx_hal.o
    0x08000bac   0x00000040   Code   RO          604    i.HAL_InitTick      stm32f1xx_hal.o
    0x08000bec   0x0000003c   Code   RO          385    i.HAL_MspInit       stm32f1xx_hal_msp.o
    0x08000c28   0x0000001a   Code   RO         1060    i.HAL_NVIC_EnableIRQ  stm32f1xx_hal_cortex.o
    0x08000c42   0x00000002   PAD
    0x08000c44   0x00000040   Code   RO         1066    i.HAL_NVIC_SetPriority  stm32f1xx_hal_cortex.o
    0x08000c84   0x00000024   Code   RO         1067    i.HAL_NVIC_SetPriorityGrouping  stm32f1xx_hal_cortex.o
    0x08000ca8   0x0000012c   Code   RO          760    i.HAL_RCC_ClockConfig  stm32f1xx_hal_rcc.o
    0x08000dd4   0x00000020   Code   RO          767    i.HAL_RCC_GetPCLK1Freq  stm32f1xx_hal_rcc.o
    0x08000df4   0x00000020   Code   RO          768    i.HAL_RCC_GetPCLK2Freq  stm32f1xx_hal_rcc.o
    0x08000e14   0x0000006c   Code   RO          769    i.HAL_RCC_GetSysClockFreq  stm32f1xx_hal_rcc.o
    0x08000e80   0x00000320   Code   RO          772    i.HAL_RCC_OscConfig  stm32f1xx_hal_rcc.o
    0x080011a0   0x000000b2   Code   RO         1571    i.HAL_SPI_Init      stm32f1xx_hal_spi.o
    0x08001252   0x00000002   PAD
    0x08001254   0x000000b8   Code   RO          387    i.HAL_SPI_MspInit   stm32f1xx_hal_msp.o
    0x0800130c   0x000001e2   Code   RO         1580    i.HAL_SPI_TransmitReceive  stm32f1xx_hal_spi.o
    0x080014ee   0x00000028   Code   RO         1071    i.HAL_SYSTICK_Config  stm32f1xx_hal_cortex.o
    0x08001516   0x00000002   Code   RO         2588    i.HAL_TIMEx_BreakCallback  stm32f1xx_hal_tim_ex.o
    0x08001518   0x00000002   Code   RO         2589    i.HAL_TIMEx_CommutCallback  stm32f1xx_hal_tim_ex.o
    0x0800151a   0x00000002   PAD
    0x0800151c   0x0000007c   Code   RO         2607    i.HAL_TIMEx_MasterConfigSynchronization  stm32f1xx_hal_tim_ex.o
    0x08001598   0x0000005a   Code   RO         1884    i.HAL_TIM_Base_Init  stm32f1xx_hal_tim.o
    0x080015f2   0x00000002   PAD
    0x080015f4   0x00000038   Code   RO          389    i.HAL_TIM_Base_MspInit  stm32f1xx_hal_msp.o
    0x0800162c   0x0000006c   Code   RO         1889    i.HAL_TIM_Base_Start_IT  stm32f1xx_hal_tim.o
    0x08001698   0x000000d6   Code   RO         1893    i.HAL_TIM_ConfigClockSource  stm32f1xx_hal_tim.o
    0x0800176e   0x00000002   Code   RO         1918    i.HAL_TIM_IC_CaptureCallback  stm32f1xx_hal_tim.o
    0x08001770   0x00000166   Code   RO         1932    i.HAL_TIM_IRQHandler  stm32f1xx_hal_tim.o
    0x080018d6   0x00000002   Code   RO         1935    i.HAL_TIM_OC_DelayElapsedCallback  stm32f1xx_hal_tim.o
    0x080018d8   0x00000002   Code   RO         1962    i.HAL_TIM_PWM_PulseFinishedCallback  stm32f1xx_hal_tim.o
    0x080018da   0x00000002   PAD
    0x080018dc   0x00000018   Code   RO          193    i.HAL_TIM_PeriodElapsedCallback  main.o
    0x080018f4   0x00000002   Code   RO         1975    i.HAL_TIM_TriggerCallback  stm32f1xx_hal_tim.o
    0x080018f6   0x00000002   Code   RO         2866    i.HAL_UARTEx_RxEventCallback  stm32f1xx_hal_uart.o
    0x080018f8   0x00000002   Code   RO         2880    i.HAL_UART_ErrorCallback  stm32f1xx_hal_uart.o
    0x080018fa   0x00000002   PAD
    0x080018fc   0x0000020c   Code   RO         2883    i.HAL_UART_IRQHandler  stm32f1xx_hal_uart.o
    0x08001b08   0x00000062   Code   RO         2884    i.HAL_UART_Init     stm32f1xx_hal_uart.o
    0x08001b6a   0x00000002   PAD
    0x08001b6c   0x00000080   Code   RO          391    i.HAL_UART_MspInit  stm32f1xx_hal_msp.o
    0x08001bec   0x00000002   Code   RO         2890    i.HAL_UART_RxCpltCallback  stm32f1xx_hal_uart.o
    0x08001bee   0x00000002   PAD
    0x08001bf0   0x000000b2   Code   RO         2892    i.HAL_UART_Transmit  stm32f1xx_hal_uart.o
    0x08001ca2   0x00000002   Code   RO         2895    i.HAL_UART_TxCpltCallback  stm32f1xx_hal_uart.o
    0x08001ca4   0x00000002   Code   RO          294    i.HardFault_Handler  stm32f1xx_it.o
    0x08001ca6   0x00000002   PAD
    0x08001ca8   0x0000001c   Code   RO          511    i.MX_FATFS_Init     fatfs.o
    0x08001cc4   0x000000dc   Code   RO          194    i.MX_GPIO_Init      main.o
    0x08001da0   0x00000044   Code   RO          195    i.MX_SPI1_Init      main.o
    0x08001de4   0x00000044   Code   RO          196    i.MX_SPI2_Init      main.o
    0x08001e28   0x00000064   Code   RO          197    i.MX_TIM2_Init      main.o
    0x08001e8c   0x00000002   Code   RO          295    i.MemManage_Handler  stm32f1xx_it.o
    0x08001e8e   0x00000002   Code   RO          296    i.NMI_Handler       stm32f1xx_it.o
    0x08001e90   0x00000002   Code   RO          297    i.PendSV_Handler    stm32f1xx_it.o
    0x08001e92   0x00000002   PAD
    0x08001e94   0x00000014   Code   RO           13    i.SD_PowerOn        sd.o
    0x08001ea8   0x00000056   Code   RO           14    i.SD_Read_Block     sd.o
    0x08001efe   0x00000064   Code   RO           15    i.SD_Write_Block    sd.o
    0x08001f62   0x00000002   PAD
    0x08001f64   0x00000094   Code   RO           16    i.SD_cmd            sd.o
    0x08001ff8   0x00000020   Code   RO         1609    i.SPI_EndRxTxTransaction  stm32f1xx_hal_spi.o
    0x08002018   0x00000006   Code   RO           17    i.SPI_ReceiveByte   sd.o
    0x0800201e   0x00000006   Code   RO           18    i.SPI_Release       sd.o
    0x08002024   0x000000b8   Code   RO         1614    i.SPI_WaitFlagStateUntilTimeout  stm32f1xx_hal_spi.o
    0x080020dc   0x00000020   Code   RO           20    i.SPI_wait_ready    sd.o
    0x080020fc   0x00000038   Code   RO           21    i.SPIx_WriteRead    sd.o
    0x08002134   0x00000002   Code   RO          298    i.SVC_Handler       stm32f1xx_it.o
    0x08002136   0x00000004   Code   RO          299    i.SysTick_Handler   stm32f1xx_it.o
    0x0800213a   0x0000005e   Code   RO          199    i.SystemClock_Config  main.o
    0x08002198   0x00000002   Code   RO         3213    i.SystemInit        system_stm32f1xx.o
    0x0800219a   0x00000002   PAD
    0x0800219c   0x0000000c   Code   RO          300    i.TIM2_IRQHandler   stm32f1xx_it.o
    0x080021a8   0x0000008c   Code   RO         1977    i.TIM_Base_SetConfig  stm32f1xx_hal_tim.o
    0x08002234   0x00000014   Code   RO         1988    i.TIM_ETR_SetConfig  stm32f1xx_hal_tim.o
    0x08002248   0x00000010   Code   RO         1989    i.TIM_ITRx_SetConfig  stm32f1xx_hal_tim.o
    0x08002258   0x00000022   Code   RO         1995    i.TIM_TI1_ConfigInputStage  stm32f1xx_hal_tim.o
    0x0800227a   0x00000024   Code   RO         1997    i.TIM_TI2_ConfigInputStage  stm32f1xx_hal_tim.o
    0x0800229e   0x00000010   Code   RO         2897    i.UART_DMAAbortOnError  stm32f1xx_hal_uart.o
    0x080022ae   0x00000030   Code   RO         2907    i.UART_EndRxTransfer  stm32f1xx_hal_uart.o
    0x080022de   0x000000b6   Code   RO         2909    i.UART_Receive_IT   stm32f1xx_hal_uart.o
    0x08002394   0x000000b8   Code   RO         2910    i.UART_SetConfig    stm32f1xx_hal_uart.o
    0x0800244c   0x00000064   Code   RO         2913    i.UART_WaitOnFlagUntilTimeout  stm32f1xx_hal_uart.o
    0x080024b0   0x0000000c   Code   RO          301    i.USART1_IRQHandler  stm32f1xx_it.o
    0x080024bc   0x00000020   Code   RO          445    i.USER_initialize   user_diskio_1.o
    0x080024dc   0x00000050   Code   RO          446    i.USER_ioctl        user_diskio_1.o
    0x0800252c   0x00000048   Code   RO          447    i.USER_read         user_diskio_1.o
    0x08002574   0x00000010   Code   RO          448    i.USER_status       user_diskio_1.o
    0x08002584   0x00000050   Code   RO          449    i.USER_write        user_diskio_1.o
    0x080025d4   0x00000002   Code   RO          302    i.UsageFault_Handler  stm32f1xx_it.o
    0x080025d6   0x00000020   Code   RO         1073    i.__NVIC_SetPriority  stm32f1xx_hal_cortex.o
    0x080025f6   0x0000000e   Code   RO         3796    i._is_digit         c_w.l(__printf_wp.o)
    0x08002604   0x00000060   Code   RO         3305    i.check_fs          ff.o
    0x08002664   0x00000010   Code   RO         3306    i.chk_chr           ff.o
    0x08002674   0x00000024   Code   RO         3308    i.clear_lock        ff.o
    0x08002698   0x0000001c   Code   RO         3310    i.clust2sect        ff.o
    0x080026b4   0x000000a4   Code   RO         3311    i.create_chain      ff.o
    0x08002758   0x00000204   Code   RO         3312    i.create_name       ff.o
    0x0800295c   0x0000003c   Code   RO         3313    i.dec_lock          ff.o
    0x08002998   0x00000140   Code   RO         3314    i.dir_find          ff.o
    0x08002ad8   0x0000011c   Code   RO         3315    i.dir_next          ff.o
    0x08002bf4   0x00000100   Code   RO         3316    i.dir_read          ff.o
    0x08002cf4   0x0000009a   Code   RO         3319    i.dir_sdi           ff.o
    0x08002d8e   0x00000002   PAD
    0x08002d90   0x00000028   Code   RO         3250    i.disk_initialize   diskio.o
    0x08002db8   0x0000001c   Code   RO         3251    i.disk_ioctl        diskio.o
    0x08002dd4   0x0000001c   Code   RO         3252    i.disk_read         diskio.o
    0x08002df0   0x00000018   Code   RO         3253    i.disk_status       diskio.o
    0x08002e08   0x0000001c   Code   RO         3254    i.disk_write        diskio.o
    0x08002e24   0x00000024   Code   RO         3322    i.f_closedir        ff.o
    0x08002e48   0x000000c2   Code   RO         3323    i.f_getfree         ff.o
    0x08002f0a   0x00000002   PAD
    0x08002f0c   0x00000064   Code   RO         3328    i.f_mount           ff.o
    0x08002f70   0x00000090   Code   RO         3330    i.f_opendir         ff.o
    0x08003000   0x0000005c   Code   RO         3335    i.f_readdir         ff.o
    0x0800305c   0x00000038   Code   RO         3722    i.ff_convert        ccsbcs_1.o
    0x08003094   0x00000024   Code   RO         3723    i.ff_wtoupper       ccsbcs_1.o
    0x080030b8   0x0000026c   Code   RO         3343    i.find_volume       ff.o
    0x08003324   0x0000006a   Code   RO         3344    i.follow_path       ff.o
    0x0800338e   0x000000e6   Code   RO         3346    i.get_fat           ff.o
    0x08003474   0x000000be   Code   RO         3347    i.get_fileinfo      ff.o
    0x08003532   0x0000003c   Code   RO         3348    i.get_ldnumber      ff.o
    0x0800356e   0x00000002   PAD
    0x08003570   0x00000098   Code   RO         3349    i.inc_lock          ff.o
    0x08003608   0x00000016   Code   RO         3350    i.ld_clust          ff.o
    0x0800361e   0x00000002   PAD
    0x08003620   0x000002a4   Code   RO          200    i.main              main.o
    0x080038c4   0x0000000e   Code   RO         3352    i.mem_set           ff.o
    0x080038d2   0x00000038   Code   RO         3353    i.move_window       ff.o
    0x0800390a   0x0000011e   Code   RO         3354    i.put_fat           ff.o
    0x08003a28   0x00000204   Code   RO           22    i.sd_ini            sd.o
    0x08003c2c   0x0000001a   Code   RO         3358    i.sum_sfn           ff.o
    0x08003c46   0x00000052   Code   RO         3360    i.sync_window       ff.o
    0x08003c98   0x0000002a   Code   RO         3361    i.validate          ff.o
    0x08003cc2   0x00000010   Data   RO         3214    .constdata          system_stm32f1xx.o
    0x08003cd2   0x00000008   Data   RO         3215    .constdata          system_stm32f1xx.o
    0x08003cda   0x000000ba   Data   RO         3363    .constdata          ff.o
    0x08003d94   0x000004c0   Data   RO         3724    .constdata          ccsbcs_1.o
    0x08004254   0x00000028   Data   RO         3769    .constdata          c_w.l(_printf_hex_int.o)
    0x0800427c   0x00000011   Data   RO         3804    .constdata          c_w.l(__printf_flags_ss_wp.o)
    0x0800428d   0x00000003   PAD
    0x08004290   0x00000020   Data   RO         3982    Region$$Table       anon$$obj.o


    Execution Region RW_IRAM1 (Base: 0x20000000, Size: 0x00002ca0, Max: 0x00010000, ABSOLUTE)

    Base Addr    Size         Type   Attr      Idx    E Section Name        Object

    0x20000000   0x00000001   Data   RW           24    .data               sd.o
    0x20000001   0x00000003   PAD
    0x20000004   0x0000000c   Data   RW          202    .data               main.o
    0x20000010   0x00000001   Data   RW          450    .data               user_diskio_1.o
    0x20000011   0x00000003   PAD
    0x20000014   0x00000014   Data   RW          451    .data               user_diskio_1.o
    0x20000028   0x00000005   Data   RW          515    .data               fatfs.o
    0x2000002d   0x00000003   PAD
    0x20000030   0x0000000c   Data   RW          610    .data               stm32f1xx_hal.o
    0x2000003c   0x00000004   Data   RW         3216    .data               system_stm32f1xx.o
    0x20000040   0x00000008   Data   RW         3364    .data               ff.o
    0x20000048   0x0000003c   Zero   RW           23    .bss                sd.o
    0x20000084   0x00002398   Zero   RW          201    .bss                main.o
    0x2000241c   0x00000218   Zero   RW         3362    .bss                ff.o
    0x20002634   0x0000000c   Zero   RW         3646    .bss                ff_gen_drv.o
    0x20002640   0x00000060   Zero   RW         3856    .bss                c_w.l(libspace.o)
    0x200026a0   0x00000200   Zero   RW            2    HEAP                startup_stm32f103xe.o
    0x200028a0   0x00000400   Zero   RW            1    STACK               startup_stm32f103xe.o


==============================================================================

Image component sizes


      Code (inc. data)   RO Data    RW Data    ZI Data      Debug   Object Name

        92         12       1216          0          0       1875   ccsbcs_1.o
       148         22          0          0          0       3417   diskio.o
        28         10          0          5          0        982   fatfs.o
      4382         86        186          8        536      30533   ff.o
       128          8          0          0         12       2711   ff_gen_drv.o
      1250        250          0         12       9112       9908   main.o
       970        102          0          1         60     498816   sd.o
        64         26        304          0       1536        784   startup_stm32f103xe.o
       128         24          0         12          0       5717   stm32f1xx_hal.o
       198         14          0          0          0      28779   stm32f1xx_hal_cortex.o
       374          8          0          0          0       1751   stm32f1xx_hal_dma.o
       540         48          0          0          0       3880   stm32f1xx_hal_gpio.o
       428         48          0          0          0       2854   stm32f1xx_hal_msp.o
      1272        100          0          0          0       5028   stm32f1xx_hal_rcc.o
       876          4          0          0          0       4565   stm32f1xx_hal_spi.o
      1024         40          0          0          0       9293   stm32f1xx_hal_tim.o
       128         20          0          0          0       2261   stm32f1xx_hal_tim_ex.o
      1338         10          0          0          0       9324   stm32f1xx_hal_uart.o
        50         12          0          0          0       4843   stm32f1xx_it.o
         0          0          0          0          0        492   syscall.o
         2          0         24          4          0       1035   system_stm32f1xx.o
       280         36          0         21          0       3953   user_diskio_1.o

    ----------------------------------------------------------------------
     13742        880       1762         72      11256     632801   Object Totals
         0          0         32          0          0          0   (incl. Generated)
        42          0          0          9          0          0   (incl. Padding)

    ----------------------------------------------------------------------

      Code (inc. data)   RO Data    RW Data    ZI Data      Debug   Library Member Name

         8          0          0          0          0         68   __main.o
       392          4         17          0          0         92   __printf_flags_ss_wp.o
        14          0          0          0          0         68   __printf_wp.o
         0          0          0          0          0          0   __rtentry.o
        12          0          0          0          0          0   __rtentry2.o
         6          0          0          0          0          0   __rtentry4.o
        52          8          0          0          0          0   __scatter.o
        26          0          0          0          0          0   __scatter_copy.o
        28          0          0          0          0          0   __scatter_zi.o
        48          6          0          0          0         96   _printf_char_common.o
         6          0          0          0          0          0   _printf_d.o
       120         16          0          0          0         92   _printf_dec.o
        88          4         40          0          0         88   _printf_hex_int.o
       178          0          0          0          0         88   _printf_intcommon.o
        78          0          0          0          0        108   _printf_pad.o
         0          0          0          0          0          0   _printf_percent.o
         4          0          0          0          0          0   _printf_percent_end.o
         6          0          0          0          0          0   _printf_u.o
         6          0          0          0          0          0   _printf_x.o
        10          0          0          0          0         68   _sputc.o
        18          0          0          0          0         80   exit.o
         6          0          0          0          0        152   heapauxi.o
         0          0          0          0          0          0   indicate_semi.o
         2          0          0          0          0          0   libinit.o
         2          0          0          0          0          0   libinit2.o
         2          0          0          0          0          0   libshutdown.o
         2          0          0          0          0          0   libshutdown2.o
         8          4          0          0         96         68   libspace.o
        40          6          0          0          0         84   noretval__2sprintf.o
        78          0          0          0          0         80   rt_memclr_w.o
       100          0          0          0          0         80   rt_memcpy_w.o
         2          0          0          0          0          0   rtexit.o
        10          0          0          0          0          0   rtexit2.o
        62          0          0          0          0         76   strlen.o
        12          4          0          0          0         68   sys_exit.o
        74          0          0          0          0         80   sys_stackheap_outer.o
         2          0          0          0          0         68   use_no_semi.o

    ----------------------------------------------------------------------
      1508         52         60          0         96       1604   Library Totals
         6          0          3          0          0          0   (incl. Padding)

    ----------------------------------------------------------------------

      Code (inc. data)   RO Data    RW Data    ZI Data      Debug   Library Name

      1502         52         57          0         96       1604   c_w.l

    ----------------------------------------------------------------------
      1508         52         60          0         96       1604   Library Totals

    ----------------------------------------------------------------------

==============================================================================


      Code (inc. data)   RO Data    RW Data    ZI Data      Debug   

     15250        932       1822         72      11352     627121   Grand Totals
     15250        932       1822         72      11352     627121   ELF Image Totals
     15250        932       1822         72          0          0   ROM Totals

==============================================================================

    Total RO  Size (Code + RO Data)                17072 (  16.67kB)
    Total RW  Size (RW Data + ZI Data)             11424 (  11.16kB)
    Total ROM Size (Code + RO Data + RW Data)      17144 (  16.74kB)

==============================================================================

